Archive member included to satisfy reference by file (symbol)

C:/devkitPro/libctru/lib\libctru.a(console.o)
                              playcoin.o (consoleInit)
C:/devkitPro/libctru/lib\libctru.a(gfx.o)
                              C:/devkitPro/libctru/lib\libctru.a(console.o) (gfxIsWide)
C:/devkitPro/libctru/lib\libctru.a(cfgu.o)
                              archive.o (cfguInit)
C:/devkitPro/libctru/lib\libctru.a(gspgpu.o)
                              C:/devkitPro/libctru/lib\libctru.a(gfx.o) (gspInit)
C:/devkitPro/libctru/lib\libctru.a(apt.o)
                              playcoin.o (aptMainLoop)
C:/devkitPro/libctru/lib\libctru.a(hid.o)
                              playcoin.o (hidScanInput)
C:/devkitPro/libctru/lib\libctru.a(fs.o)
                              archive.o (fsMakePath)
C:/devkitPro/libctru/lib\libctru.a(ctru_init.o)
                              C:/devkitPro/libctru/lib\libctru.a(apt.o) (__system_retAddr)
C:/devkitPro/libctru/lib\libctru.a(initArgv.o)
                              C:/devkitPro/libctru/lib\libctru.a(ctru_init.o) (__system_initArgv)
C:/devkitPro/libctru/lib\libctru.a(svc.o)
                              playcoin.o (svcSleepThread)
C:/devkitPro/libctru/lib\libctru.a(stack_adjust.o)
                              c:/devkitpro/devkitarm/bin/../lib/gcc/arm-none-eabi/11.1.0/../../../../arm-none-eabi/lib/armv6k/fpu/3dsx_crt0.o (initSystem)
C:/devkitPro/libctru/lib\libctru.a(default_font.bin.o)
                              C:/devkitPro/libctru/lib\libctru.a(console.o) (default_font_bin)
C:/devkitPro/libctru/lib\libctru.a(vram.o)
                              C:/devkitPro/libctru/lib\libctru.a(gfx.o) (vramAlloc)
C:/devkitPro/libctru/lib\libctru.a(linear.o)
                              C:/devkitPro/libctru/lib\libctru.a(gfx.o) (linearAlloc)
C:/devkitPro/libctru/lib\libctru.a(mem_pool.o)
                              C:/devkitPro/libctru/lib\libctru.a(vram.o) (MemPool::Allocate(MemChunk&, unsigned long, int))
C:/devkitPro/libctru/lib\libctru.a(synchronization.o)
                              C:/devkitPro/libctru/lib\libctru.a(ctru_init.o) (__sync_init)
C:/devkitPro/libctru/lib\libctru.a(env.o)
                              C:/devkitPro/libctru/lib\libctru.a(fs.o) (envGetHandle)
C:/devkitPro/libctru/lib\libctru.a(os.o)
                              C:/devkitPro/libctru/lib\libctru.a(apt.o) (__ctru_speedup_config)
C:/devkitPro/libctru/lib\libctru.a(srv.o)
                              C:/devkitPro/libctru/lib\libctru.a(apt.o) (srvInit)
C:/devkitPro/libctru/lib\libctru.a(thread.o)
                              C:/devkitPro/libctru/lib\libctru.a(gspgpu.o) (threadCreate)
C:/devkitPro/libctru/lib\libctru.a(mappable.o)
                              C:/devkitPro/libctru/lib\libctru.a(gspgpu.o) (mappableAlloc)
C:/devkitPro/libctru/lib\libctru.a(irrst.o)
                              C:/devkitPro/libctru/lib\libctru.a(hid.o) (irrstInit)
C:/devkitPro/libctru/lib\libctru.a(srvpm.o)
                              C:/devkitPro/libctru/lib\libctru.a(srv.o) (srvPmGetSessionHandle)
C:/devkitPro/libctru/lib\libctru.a(ptmsysm.o)
                              C:/devkitPro/libctru/lib\libctru.a(os.o) (ptmSysmInit)
C:/devkitPro/libctru/lib\libctru.a(rbtree_init.o)
                              C:/devkitPro/libctru/lib\libctru.a(vram.o) (rbtree_init)
C:/devkitPro/libctru/lib\libctru.a(rbtree_insert.o)
                              C:/devkitPro/libctru/lib\libctru.a(vram.o) (rbtree_insert)
C:/devkitPro/libctru/lib\libctru.a(rbtree_rotate.o)
                              C:/devkitPro/libctru/lib\libctru.a(rbtree_insert.o) (rbtree_rotate)
C:/devkitPro/libctru/lib\libctru.a(rbtree_remove.o)
                              C:/devkitPro/libctru/lib\libctru.a(vram.o) (rbtree_remove)
C:/devkitPro/libctru/lib\libctru.a(rbtree_find.o)
                              C:/devkitPro/libctru/lib\libctru.a(vram.o) (rbtree_find)
C:/devkitPro/libctru/lib\libctru.a(appInit.o)
                              C:/devkitPro/libctru/lib\libctru.a(stack_adjust.o) (__appInit)
C:/devkitPro/libctru/lib\libctru.a(syscalls.o)
                              C:/devkitPro/libctru/lib\libctru.a(ctru_init.o) (__system_initSyscalls)
C:/devkitPro/libctru/lib\libctru.a(allocateHeaps.o)
                              C:/devkitPro/libctru/lib\libctru.a(ctru_init.o) (__system_allocateHeaps)
C:/devkitPro/libctru/lib\libctru.a(appExit.o)
                              C:/devkitPro/libctru/lib\libctru.a(stack_adjust.o) (__appExit)
C:/devkitPro/libctru/lib\libctru.a(ctru_exit.o)
                              C:/devkitPro/libctru/lib\libctru.a(stack_adjust.o) (__libctru_exit)
C:/devkitPro/libctru/lib\libctru.a(archive_dev.o)
                              C:/devkitPro/libctru/lib\libctru.a(appInit.o) (archiveMountSdmc)
C:/devkitPro/libctru/lib\libctru.a(rbtree_iterator.o)
                              C:/devkitPro/libctru/lib\libctru.a(rbtree_remove.o) (rbtree_node_next)
[...]
Memory Configuration

Name             Origin             Length             Attributes
*default*        0x0000000000000000 0xffffffffffffffff

Linker script and memory map

                0x0000000000100000                PROVIDE (__start__ = 0x100000)
                0x0000000000100000                . = __start__

.text           0x0000000000100000    0x22ecc
 *(.crt0)
 .crt0          0x0000000000100000       0x94 c:/devkitpro/devkitarm/bin/../lib/gcc/arm-none-eabi/11.1.0/../../../../arm-none-eabi/lib/armv6k/fpu/3dsx_crt0.o
                0x0000000000100000                _start
                0x0000000000100008                __service_ptr
                0x000000000010000c                __apt_appid
                0x0000000000100010                __heap_size
                0x0000000000100014                __linear_heap_size
                0x0000000000100018                __system_arglist
                0x000000000010001c                __system_runflags
 *(.init)
 .init          0x0000000000100094        0xc c:/devkitpro/devkitarm/bin/../lib/gcc/arm-none-eabi/11.1.0/armv6k/fpu/crti.o
                0x0000000000100094                _init
 .init          0x00000000001000a0        0xc c:/devkitpro/devkitarm/bin/../lib/gcc/arm-none-eabi/11.1.0/armv6k/fpu/crtn.o
                0x00000000001000ac                . = ALIGN (0x4)
 *(.text)
 *fill*         0x00000000001000ac        0x4 
 .text          0x00000000001000b0      0x5d0 archive.o
                0x00000000001000b0                open_extdata
                0x00000000001001b0                close_extdata
                0x00000000001001cc                archive_getfilesize
                0x00000000001002c4                archive_readfile
                0x00000000001003f8                archive_writefile
                0x0000000000100534                archive_copyfile
 .text          0x0000000000100680      0x3e4 playcoin.o
                0x0000000000100680                menu_gamecoindat2sd
                0x0000000000100730                menu_sd2gamecoindat
                0x00000000001007e0                draw_menu
                0x00000000001008e8                setcoins
                0x00000000001009b0                menu_300coins
                0x00000000001009bc                menu_10coins
                0x00000000001009c8                menu_0coins
                0x00000000001009d4                handle_menus
 .text          0x0000000000100a64      0x240 c:/devkitpro/devkitarm/bin/../lib/gcc/arm-none-eabi/11.1.0/armv6k/fpu\libgcc.a(_divsi3.o)
                0x0000000000100a64                __divsi3
                0x0000000000100a64                __aeabi_idiv
                0x0000000000100c84                __aeabi_idivmod
 .text          0x0000000000100ca4        0x4 c:/devkitpro/devkitarm/bin/../lib/gcc/arm-none-eabi/11.1.0/armv6k/fpu\libgcc.a(_dvmd_tls.o)
                0x0000000000100ca4                __aeabi_idiv0
                0x0000000000100ca4                __aeabi_ldiv0
 .text          0x0000000000100ca8       0xd4 c:/devkitpro/devkitarm/bin/../lib/gcc/arm-none-eabi/11.1.0/armv6k/fpu\libgcc.a(_aeabi_ldivmod.o)
                0x0000000000100ca8                __aeabi_ldivmod
 .text          0x0000000000100d7c       0x3c c:/devkitpro/devkitarm/bin/../lib/gcc/arm-none-eabi/11.1.0/armv6k/fpu\libgcc.a(_aeabi_uldivmod.o)
                0x0000000000100d7c                __aeabi_uldivmod
 *fill*         0x0000000000100db8        0x8 
 .text          0x0000000000100dc0      0x390 c:/devkitpro/devkitarm/bin/../lib/gcc/arm-none-eabi/11.1.0/../../../../arm-none-eabi/lib/armv6k/fpu\libg.a(lib_a-strcmp.o)
                0x0000000000100dc8                strcmp
 .text          0x0000000000101150      0x20c c:/devkitpro/devkitarm/bin/../lib/gcc/arm-none-eabi/11.1.0/armv6k/fpu\libgcc.a(_udivsi3.o)
                0x0000000000101150                __aeabi_uidiv
                0x0000000000101150                __udivsi3
                0x000000000010133c                __aeabi_uidivmod
 .text          0x000000000010135c      0x3c0 c:/devkitpro/devkitarm/bin/../lib/gcc/arm-none-eabi/11.1.0/armv6k/fpu\libgcc.a(_arm_addsubdf3.o)
                0x000000000010135c                __aeabi_drsub
                0x0000000000101364                __aeabi_dsub
                0x0000000000101364                __subdf3
                0x0000000000101368                __aeabi_dadd
                0x0000000000101368                __adddf3
                0x0000000000101614                __floatunsidf
                0x0000000000101614                __aeabi_ui2d
                0x0000000000101638                __floatsidf
                0x0000000000101638                __aeabi_i2d
                0x0000000000101660                __aeabi_f2d
                0x0000000000101660                __extendsfdf2
                0x00000000001016a8                __floatundidf
                0x00000000001016a8                __aeabi_ul2d
                0x00000000001016bc                __floatdidf
                0x00000000001016bc                __aeabi_l2d
 *(.text.*)
 .text.__do_global_dtors_aux
                0x000000000010171c       0x40 c:/devkitpro/devkitarm/bin/../lib/gcc/arm-none-eabi/11.1.0/armv6k/fpu/crtbegin.o
 .text.frame_dummy
                0x000000000010175c       0x2c c:/devkitpro/devkitarm/bin/../lib/gcc/arm-none-eabi/11.1.0/armv6k/fpu/crtbegin.o
 .text.startup  0x0000000000101788      0x10c playcoin.o
                0x0000000000101788                main
 .text.consoleDrawChar
                0x0000000000101894      0x178 C:/devkitPro/libctru/lib\libctru.a(console.o)
                0x0000000000101894                consoleDrawChar
 .text.consolePrintChar
                0x0000000000101a0c      0x124 C:/devkitPro/libctru/lib\libctru.a(console.o)
                0x0000000000101a0c                consolePrintChar
 .text.con_write
                0x0000000000101b30      0xa00 C:/devkitPro/libctru/lib\libctru.a(console.o)
                0x0000000000101b30                con_write
 .text.consoleInit
                0x0000000000102530      0x168 C:/devkitPro/libctru/lib\libctru.a(console.o)
                0x0000000000102530                consoleInit
 .text.newRow   0x0000000000102698       0xf4 C:/devkitPro/libctru/lib\libctru.a(console.o)
 .text.consoleClear
                0x000000000010278c        0xc C:/devkitPro/libctru/lib\libctru.a(console.o)
                0x000000000010278c                consoleClear
 .text.gfxPresentFramebuffer
                0x0000000000102798       0xd0 C:/devkitPro/libctru/lib\libctru.a(gfx.o)
 .text.gfxIsWide
                0x0000000000102868       0x1c C:/devkitPro/libctru/lib\libctru.a(gfx.o)
                0x0000000000102868                gfxIsWide
 .text.gfxSetScreenFormat
                0x0000000000102884       0xec C:/devkitPro/libctru/lib\libctru.a(gfx.o)
                0x0000000000102884                gfxSetScreenFormat
 .text.gfxSetDoubleBuffering
                0x0000000000102970       0x10 C:/devkitPro/libctru/lib\libctru.a(gfx.o)
                0x0000000000102970                gfxSetDoubleBuffering
 .text.gfxInit  0x0000000000102980      0x108 C:/devkitPro/libctru/lib\libctru.a(gfx.o)
                0x0000000000102980                gfxInit
 .text.gfxInitDefault
                0x0000000000102a88       0x10 C:/devkitPro/libctru/lib\libctru.a(gfx.o)
                0x0000000000102a88                gfxInitDefault
 .text.gfxExit  0x0000000000102a98       0xb4 C:/devkitPro/libctru/lib\libctru.a(gfx.o)
                0x0000000000102a98                gfxExit
 .text.gfxGetFramebuffer
                0x0000000000102b4c       0xa0 C:/devkitPro/libctru/lib\libctru.a(gfx.o)
                0x0000000000102b4c                gfxGetFramebuffer
 .text.gfxFlushBuffers
                0x0000000000102bec      0x10c C:/devkitPro/libctru/lib\libctru.a(gfx.o)
                0x0000000000102bec                gfxFlushBuffers
 .text.gfxSwapBuffers
                0x0000000000102cf8       0x50 C:/devkitPro/libctru/lib\libctru.a(gfx.o)
                0x0000000000102cf8                gfxSwapBuffers
 .text.gfxSwapBuffersGpu
                0x0000000000102d48       0x50 C:/devkitPro/libctru/lib\libctru.a(gfx.o)
                0x0000000000102d48                gfxSwapBuffersGpu
 .text.cfguInit
                0x0000000000102d98       0xa4 C:/devkitPro/libctru/lib\libctru.a(cfgu.o)
                0x0000000000102d98                cfguInit
 .text.cfguExit
                0x0000000000102e3c       0x3c C:/devkitPro/libctru/lib\libctru.a(cfgu.o)
                0x0000000000102e3c                cfguExit
 .text.CFGU_SecureInfoGetRegion
                0x0000000000102e78       0x38 C:/devkitPro/libctru/lib\libctru.a(cfgu.o)
                0x0000000000102e78                CFGU_SecureInfoGetRegion
 .text.gspHardwareInit
                0x0000000000102eb0      0xc58 C:/devkitPro/libctru/lib\libctru.a(gspgpu.o)
 .text.gspInit  0x0000000000103b08      0x254 C:/devkitPro/libctru/lib\libctru.a(gspgpu.o)
                0x0000000000103b08                gspInit
 .text.gspExit  0x0000000000103d5c       0xf0 C:/devkitPro/libctru/lib\libctru.a(gspgpu.o)
                0x0000000000103d5c                gspExit
 .text.gspHasGpuRight
                0x0000000000103e4c       0x10 C:/devkitPro/libctru/lib\libctru.a(gspgpu.o)
                0x0000000000103e4c                gspHasGpuRight
 .text.gspPresentBuffer
                0x0000000000103e5c       0x98 C:/devkitPro/libctru/lib\libctru.a(gspgpu.o)
                0x0000000000103e5c                gspPresentBuffer
 .text.gspWaitForEvent
                0x0000000000103ef4       0x50 C:/devkitPro/libctru/lib\libctru.a(gspgpu.o)
                0x0000000000103ef4                gspWaitForEvent
 .text.gxCmdQueueInterrupt
                0x0000000000103f44        0x4 C:/devkitPro/libctru/lib\libctru.a(gspgpu.o)
                0x0000000000103f44                gxCmdQueueInterrupt
 .text.gspEventThreadMain
                0x0000000000103f48      0x160 C:/devkitPro/libctru/lib\libctru.a(gspgpu.o)
 .text.GSPGPU_FlushDataCache
                0x00000000001040a8       0x50 C:/devkitPro/libctru/lib\libctru.a(gspgpu.o)
                0x00000000001040a8                GSPGPU_FlushDataCache
 .text.GSPGPU_SetLcdForceBlack
                0x00000000001040f8       0x34 C:/devkitPro/libctru/lib\libctru.a(gspgpu.o)
                0x00000000001040f8                GSPGPU_SetLcdForceBlack
 .text.GSPGPU_AcquireRight
                0x000000000010412c       0x68 C:/devkitPro/libctru/lib\libctru.a(gspgpu.o)
                0x000000000010412c                GSPGPU_AcquireRight
 .text.GSPGPU_ReleaseRight
                0x0000000000104194       0x48 C:/devkitPro/libctru/lib\libctru.a(gspgpu.o)
                0x0000000000104194                GSPGPU_ReleaseRight
 .text.GSPGPU_ImportDisplayCaptureInfo
                0x00000000001041dc       0x7c C:/devkitPro/libctru/lib\libctru.a(gspgpu.o)
                0x00000000001041dc                GSPGPU_ImportDisplayCaptureInfo
 .text.GSPGPU_SaveVramSysArea
                0x0000000000104258       0x2c C:/devkitPro/libctru/lib\libctru.a(gspgpu.o)
                0x0000000000104258                GSPGPU_SaveVramSysArea
 .text.GSPGPU_RestoreVramSysArea
                0x0000000000104284       0x2c C:/devkitPro/libctru/lib\libctru.a(gspgpu.o)
                0x0000000000104284                GSPGPU_RestoreVramSysArea
 .text.aptConvertScreenForCapture
                0x00000000001042b0      0x1b0 C:/devkitPro/libctru/lib\libctru.a(apt.o)
 .text.aptDspSleep
                0x0000000000104460        0x8 C:/devkitPro/libctru/lib\libctru.a(apt.o)
                0x0000000000104460                aptDspSleep
 .text.aptDspWakeup
                0x0000000000104468        0x4 C:/devkitPro/libctru/lib\libctru.a(apt.o)
                0x0000000000104468                aptDspWakeup
 .text.aptDspCancel
                0x000000000010446c        0x4 C:/devkitPro/libctru/lib\libctru.a(apt.o)
                0x000000000010446c                aptDspCancel
 .text.aptSendCommand
                0x0000000000104470      0x15c C:/devkitPro/libctru/lib\libctru.a(apt.o)
                0x0000000000104470                aptSendCommand
 .text.aptExitProcess
                0x00000000001045cc       0x38 C:/devkitPro/libctru/lib\libctru.a(apt.o)
 .text.aptExit  0x0000000000104604      0x2f0 C:/devkitPro/libctru/lib\libctru.a(apt.o)
                0x0000000000104604                aptExit
 .text.aptHandleSleep
                0x00000000001048f4       0xd8 C:/devkitPro/libctru/lib\libctru.a(apt.o)
                0x00000000001048f4                aptHandleSleep
 .text.APT_SleepIfShellClosed
                0x00000000001049cc       0x84 C:/devkitPro/libctru/lib\libctru.a(apt.o)
                0x00000000001049cc                APT_SleepIfShellClosed
 .text.aptSetSleepAllowed
                0x0000000000104a50       0x84 C:/devkitPro/libctru/lib\libctru.a(apt.o)
                0x0000000000104a50                aptSetSleepAllowed
 .text.APT_UnlockTransition
                0x0000000000104ad4       0x84 C:/devkitPro/libctru/lib\libctru.a(apt.o)
                0x0000000000104ad4                APT_UnlockTransition
 .text.aptEventHandler
                0x0000000000104b58      0x484 C:/devkitPro/libctru/lib\libctru.a(apt.o)
 .text.APT_ReceiveParameter
                0x0000000000104fdc       0xb0 C:/devkitPro/libctru/lib\libctru.a(apt.o)
                0x0000000000104fdc                APT_ReceiveParameter
 .text.aptReceiveParameter.constprop.0
                0x000000000010508c       0xb0 C:/devkitPro/libctru/lib\libctru.a(apt.o)
 *fill*         0x000000000010513c        0x4 
 .text.aptScreenTransfer
                0x0000000000105140      0x2bc C:/devkitPro/libctru/lib\libctru.a(apt.o)
 .text.aptWaitForWakeUp.isra.0
                0x00000000001053fc      0x2d0 C:/devkitPro/libctru/lib\libctru.a(apt.o)
 .text.aptJumpToHomeMenu
                0x00000000001056cc       0xf8 C:/devkitPro/libctru/lib\libctru.a(apt.o)
                0x00000000001056cc                aptJumpToHomeMenu
 .text.aptMainLoop
                0x00000000001057c4       0x4c C:/devkitPro/libctru/lib\libctru.a(apt.o)
                0x00000000001057c4                aptMainLoop
 .text.aptInit  0x0000000000105810      0x234 C:/devkitPro/libctru/lib\libctru.a(apt.o)
                0x0000000000105810                aptInit
 .text.APT_CheckNew3DS
                0x0000000000105a44       0x7c C:/devkitPro/libctru/lib\libctru.a(apt.o)
                0x0000000000105a44                APT_CheckNew3DS
 .text.hidShouldUseIrrst
                0x0000000000105ac0       0x24 C:/devkitPro/libctru/lib\libctru.a(hid.o)
                0x0000000000105ac0                hidShouldUseIrrst
 .text.hidInit  0x0000000000105ae4      0x18c C:/devkitPro/libctru/lib\libctru.a(hid.o)
                0x0000000000105ae4                hidInit
 .text.hidExit  0x0000000000105c70       0xe8 C:/devkitPro/libctru/lib\libctru.a(hid.o)
                0x0000000000105c70                hidExit
 .text.hidScanInput
                0x0000000000105d58      0x294 C:/devkitPro/libctru/lib\libctru.a(hid.o)
                0x0000000000105d58                hidScanInput
 .text.hidKeysDown
                0x0000000000105fec       0x10 C:/devkitPro/libctru/lib\libctru.a(hid.o)
                0x0000000000105fec                hidKeysDown
 .text.fsInit   0x0000000000105ffc       0xc8 C:/devkitPro/libctru/lib\libctru.a(fs.o)
                0x0000000000105ffc                fsInit
 .text.fsExit   0x00000000001060c4       0x3c C:/devkitPro/libctru/lib\libctru.a(fs.o)
                0x00000000001060c4                fsExit
 .text.fsExemptFromSession
                0x0000000000106100       0x60 C:/devkitPro/libctru/lib\libctru.a(fs.o)
                0x0000000000106100                fsExemptFromSession
 .text.fsUnexemptFromSession
                0x0000000000106160       0x50 C:/devkitPro/libctru/lib\libctru.a(fs.o)
                0x0000000000106160                fsUnexemptFromSession
 .text.fsMakePath
                0x00000000001061b0       0x84 C:/devkitPro/libctru/lib\libctru.a(fs.o)
                0x00000000001061b0                fsMakePath
 .text.FSUSER_OpenFile
                0x0000000000106234       0xcc C:/devkitPro/libctru/lib\libctru.a(fs.o)
                0x0000000000106234                FSUSER_OpenFile
 .text.FSUSER_DeleteFile
                0x0000000000106300       0xbc C:/devkitPro/libctru/lib\libctru.a(fs.o)
                0x0000000000106300                FSUSER_DeleteFile
 .text.FSUSER_RenameFile
                0x00000000001063bc       0xf8 C:/devkitPro/libctru/lib\libctru.a(fs.o)
                0x00000000001063bc                FSUSER_RenameFile
 .text.FSUSER_DeleteDirectory
                0x00000000001064b4       0xbc C:/devkitPro/libctru/lib\libctru.a(fs.o)
                0x00000000001064b4                FSUSER_DeleteDirectory
 .text.FSUSER_CreateFile
                0x0000000000106570       0xd4 C:/devkitPro/libctru/lib\libctru.a(fs.o)
                0x0000000000106570                FSUSER_CreateFile
 .text.FSUSER_CreateDirectory
                0x0000000000106644       0xc4 C:/devkitPro/libctru/lib\libctru.a(fs.o)
                0x0000000000106644                FSUSER_CreateDirectory
 .text.FSUSER_RenameDirectory
                0x0000000000106708       0xf8 C:/devkitPro/libctru/lib\libctru.a(fs.o)
                0x0000000000106708                FSUSER_RenameDirectory
 .text.FSUSER_OpenDirectory
                0x0000000000106800       0xb4 C:/devkitPro/libctru/lib\libctru.a(fs.o)
                0x0000000000106800                FSUSER_OpenDirectory
 .text.FSUSER_OpenArchive
                0x00000000001068b4       0x94 C:/devkitPro/libctru/lib\libctru.a(fs.o)
                0x00000000001068b4                FSUSER_OpenArchive
 .text.FSUSER_CloseArchive
                0x0000000000106948       0x8c C:/devkitPro/libctru/lib\libctru.a(fs.o)
                0x0000000000106948                FSUSER_CloseArchive
 .text.FSUSER_GetSdmcArchiveResource
                0x00000000001069d4       0x74 C:/devkitPro/libctru/lib\libctru.a(fs.o)
                0x00000000001069d4                FSUSER_GetSdmcArchiveResource
 .text.FSUSER_IsSdmcWritable
                0x0000000000106a48       0x64 C:/devkitPro/libctru/lib\libctru.a(fs.o)
                0x0000000000106a48                FSUSER_IsSdmcWritable
 .text.FSFILE_Read
                0x0000000000106aac       0x58 C:/devkitPro/libctru/lib\libctru.a(fs.o)
                0x0000000000106aac                FSFILE_Read
 .text.FSFILE_Write
                0x0000000000106b04       0x60 C:/devkitPro/libctru/lib\libctru.a(fs.o)
                0x0000000000106b04                FSFILE_Write
 .text.FSFILE_GetSize
                0x0000000000106b64       0x38 C:/devkitPro/libctru/lib\libctru.a(fs.o)
                0x0000000000106b64                FSFILE_GetSize
 .text.FSFILE_SetSize
                0x0000000000106b9c       0x28 C:/devkitPro/libctru/lib\libctru.a(fs.o)
                0x0000000000106b9c                FSFILE_SetSize
 .text.FSFILE_Close
                0x0000000000106bc4       0x3c C:/devkitPro/libctru/lib\libctru.a(fs.o)
                0x0000000000106bc4                FSFILE_Close
 .text.FSFILE_Flush
                0x0000000000106c00       0x24 C:/devkitPro/libctru/lib\libctru.a(fs.o)
                0x0000000000106c00                FSFILE_Flush
 .text.FSDIR_Read
                0x0000000000106c24       0x50 C:/devkitPro/libctru/lib\libctru.a(fs.o)
                0x0000000000106c24                FSDIR_Read
 .text.FSDIR_Close
                0x0000000000106c74       0x3c C:/devkitPro/libctru/lib\libctru.a(fs.o)
                0x0000000000106c74                FSDIR_Close
 .text.__libctru_init
                0x0000000000106cb0       0x38 C:/devkitPro/libctru/lib\libctru.a(ctru_init.o)
                0x0000000000106cb0                __libctru_init
 .text.__system_initArgv
                0x0000000000106ce8       0xf0 C:/devkitPro/libctru/lib\libctru.a(initArgv.o)
                0x0000000000106ce8                __system_initArgv
 .text.svcControlMemory
                0x0000000000106dd8       0x20 C:/devkitPro/libctru/lib\libctru.a(svc.o)
                0x0000000000106dd8                svcControlMemory
 .text.svcQueryMemory
                0x0000000000106df8       0x30 C:/devkitPro/libctru/lib\libctru.a(svc.o)
                0x0000000000106df8                svcQueryMemory
 .text.svcExitProcess
                0x0000000000106e28        0x8 C:/devkitPro/libctru/lib\libctru.a(svc.o)
                0x0000000000106e28                svcExitProcess
 .text.svcCreateThread
                0x0000000000106e30       0x20 C:/devkitPro/libctru/lib\libctru.a(svc.o)
                0x0000000000106e30                svcCreateThread
 .text.svcExitThread
                0x0000000000106e50        0x8 C:/devkitPro/libctru/lib\libctru.a(svc.o)
                0x0000000000106e50                svcExitThread
 .text.svcSleepThread
                0x0000000000106e58        0x8 C:/devkitPro/libctru/lib\libctru.a(svc.o)
                0x0000000000106e58                svcSleepThread
 .text.svcReleaseMutex
                0x0000000000106e60        0x8 C:/devkitPro/libctru/lib\libctru.a(svc.o)
                0x0000000000106e60                svcReleaseMutex
 .text.svcCreateEvent
                0x0000000000106e68       0x14 C:/devkitPro/libctru/lib\libctru.a(svc.o)
                0x0000000000106e68                svcCreateEvent
 .text.svcSignalEvent
                0x0000000000106e7c        0x8 C:/devkitPro/libctru/lib\libctru.a(svc.o)
                0x0000000000106e7c                svcSignalEvent
 .text.svcClearEvent
                0x0000000000106e84        0x8 C:/devkitPro/libctru/lib\libctru.a(svc.o)
                0x0000000000106e84                svcClearEvent
 .text.svcMapMemoryBlock
                0x0000000000106e8c        0x8 C:/devkitPro/libctru/lib\libctru.a(svc.o)
                0x0000000000106e8c                svcMapMemoryBlock
 .text.svcUnmapMemoryBlock
                0x0000000000106e94        0x8 C:/devkitPro/libctru/lib\libctru.a(svc.o)
                0x0000000000106e94                svcUnmapMemoryBlock
 .text.svcCreateAddressArbiter
                0x0000000000106e9c       0x14 C:/devkitPro/libctru/lib\libctru.a(svc.o)
                0x0000000000106e9c                svcCreateAddressArbiter
 .text.svcArbitrateAddressNoTimeout
                0x0000000000106eb0        0x8 C:/devkitPro/libctru/lib\libctru.a(svc.o)
                0x0000000000106eb0                svcArbitrateAddressNoTimeout
 .text.svcCloseHandle
                0x0000000000106eb8        0x8 C:/devkitPro/libctru/lib\libctru.a(svc.o)
                0x0000000000106eb8                svcCloseHandle
 .text.svcWaitSynchronization
                0x0000000000106ec0        0x8 C:/devkitPro/libctru/lib\libctru.a(svc.o)
                0x0000000000106ec0                svcWaitSynchronization
 .text.svcWaitSynchronizationN
                0x0000000000106ec8       0x28 C:/devkitPro/libctru/lib\libctru.a(svc.o)
                0x0000000000106ec8                svcWaitSynchronizationN
 .text.svcDuplicateHandle
                0x0000000000106ef0       0x14 C:/devkitPro/libctru/lib\libctru.a(svc.o)
                0x0000000000106ef0                svcDuplicateHandle
 .text.svcGetSystemTick
                0x0000000000106f04        0x8 C:/devkitPro/libctru/lib\libctru.a(svc.o)
                0x0000000000106f04                svcGetSystemTick
 .text.svcConnectToPort
                0x0000000000106f0c       0x14 C:/devkitPro/libctru/lib\libctru.a(svc.o)
                0x0000000000106f0c                svcConnectToPort
 .text.svcSendSyncRequest
                0x0000000000106f20        0x8 C:/devkitPro/libctru/lib\libctru.a(svc.o)
                0x0000000000106f20                svcSendSyncRequest
 .text.svcGetResourceLimit
                0x0000000000106f28       0x14 C:/devkitPro/libctru/lib\libctru.a(svc.o)
                0x0000000000106f28                svcGetResourceLimit
 .text.svcGetResourceLimitLimitValues
                0x0000000000106f3c        0x8 C:/devkitPro/libctru/lib\libctru.a(svc.o)
                0x0000000000106f3c                svcGetResourceLimitLimitValues
 .text.svcGetResourceLimitCurrentValues
                0x0000000000106f44        0x8 C:/devkitPro/libctru/lib\libctru.a(svc.o)
                0x0000000000106f44                svcGetResourceLimitCurrentValues
 .text.svcBreak
                0x0000000000106f4c        0x8 C:/devkitPro/libctru/lib\libctru.a(svc.o)
                0x0000000000106f4c                svcBreak
 .text.initSystem
                0x0000000000106f54       0x50 C:/devkitPro/libctru/lib\libctru.a(stack_adjust.o)
                0x0000000000106f54                initSystem
 .text.__ctru_exit
                0x0000000000106fa4       0x18 C:/devkitPro/libctru/lib\libctru.a(stack_adjust.o)
                0x0000000000106fa4                __ctru_exit
 .text._ZL21addrMapNodeComparatorPK11rbtree_nodeS1_
                0x0000000000106fbc       0x24 C:/devkitPro/libctru/lib\libctru.a(vram.o)
 .text._ZL21addrMapNodeDestructorP11rbtree_node
                0x0000000000106fe0        0x4 C:/devkitPro/libctru/lib\libctru.a(vram.o)
 .text.vramMemAlign
                0x0000000000106fe4      0x114 C:/devkitPro/libctru/lib\libctru.a(vram.o)
                0x0000000000106fe4                vramMemAlign
 .text.vramAlloc
                0x00000000001070f8        0x8 C:/devkitPro/libctru/lib\libctru.a(vram.o)
                0x00000000001070f8                vramAlloc
 .text.vramFree
                0x0000000000107100       0x5c C:/devkitPro/libctru/lib\libctru.a(vram.o)
                0x0000000000107100                vramFree
 .text._ZL21addrMapNodeComparatorPK11rbtree_nodeS1_
                0x000000000010715c       0x24 C:/devkitPro/libctru/lib\libctru.a(linear.o)
 .text._ZL21addrMapNodeDestructorP11rbtree_node
                0x0000000000107180        0x4 C:/devkitPro/libctru/lib\libctru.a(linear.o)
 .text.linearMemAlign
                0x0000000000107184      0x120 C:/devkitPro/libctru/lib\libctru.a(linear.o)
                0x0000000000107184                linearMemAlign
 .text.linearAlloc
                0x00000000001072a4        0x8 C:/devkitPro/libctru/lib\libctru.a(linear.o)
                0x00000000001072a4                linearAlloc
 .text.linearFree
                0x00000000001072ac       0x5c C:/devkitPro/libctru/lib\libctru.a(linear.o)
                0x00000000001072ac                linearFree
 .text._ZN7MemPool13CoalesceRightEP8MemBlock
                0x0000000000107308       0x84 C:/devkitPro/libctru/lib\libctru.a(mem_pool.o)
                0x0000000000107308                MemPool::CoalesceRight(MemBlock*)
 .text._ZN7MemPool8AllocateER8MemChunkmi
                0x000000000010738c      0x170 C:/devkitPro/libctru/lib\libctru.a(mem_pool.o)
                0x000000000010738c                MemPool::Allocate(MemChunk&, unsigned long, int)
 .text._ZN7MemPool10DeallocateERK8MemChunk
                0x00000000001074fc       0xfc C:/devkitPro/libctru/lib\libctru.a(mem_pool.o)
                0x00000000001074fc                MemPool::Deallocate(MemChunk const&)
 .text.__sync_init
                0x00000000001075f8        0xc C:/devkitPro/libctru/lib\libctru.a(synchronization.o)
                0x00000000001075f8                __sync_init
 .text.__sync_fini
                0x0000000000107604       0x18 C:/devkitPro/libctru/lib\libctru.a(synchronization.o)
                0x0000000000107604                __sync_fini
 .text.syncArbitrateAddress
                0x000000000010761c       0x2c C:/devkitPro/libctru/lib\libctru.a(synchronization.o)
                0x000000000010761c                syncArbitrateAddress
 .text.LightLock_Init
                0x0000000000107648       0x1c C:/devkitPro/libctru/lib\libctru.a(synchronization.o)
                0x0000000000107648                LightLock_Init
 .text.LightLock_Lock
                0x0000000000107664       0x94 C:/devkitPro/libctru/lib\libctru.a(synchronization.o)
                0x0000000000107664                LightLock_Lock
 .text.LightLock_TryLock
                0x00000000001076f8       0x44 C:/devkitPro/libctru/lib\libctru.a(synchronization.o)
                0x00000000001076f8                LightLock_TryLock
 .text.LightLock_Unlock
                0x000000000010773c       0x40 C:/devkitPro/libctru/lib\libctru.a(synchronization.o)
                0x000000000010773c                LightLock_Unlock
 .text.RecursiveLock_Init
                0x000000000010777c       0x24 C:/devkitPro/libctru/lib\libctru.a(synchronization.o)
                0x000000000010777c                RecursiveLock_Init
 .text.RecursiveLock_Lock
                0x00000000001077a0       0x30 C:/devkitPro/libctru/lib\libctru.a(synchronization.o)
                0x00000000001077a0                RecursiveLock_Lock
 .text.RecursiveLock_TryLock
                0x00000000001077d0       0x78 C:/devkitPro/libctru/lib\libctru.a(synchronization.o)
                0x00000000001077d0                RecursiveLock_TryLock
 .text.RecursiveLock_Unlock
                0x0000000000107848       0x54 C:/devkitPro/libctru/lib\libctru.a(synchronization.o)
                0x0000000000107848                RecursiveLock_Unlock
 .text.LightEvent_Init
                0x000000000010789c       0x40 C:/devkitPro/libctru/lib\libctru.a(synchronization.o)
                0x000000000010789c                LightEvent_Init
 .text.LightEvent_Clear
                0x00000000001078dc       0xa4 C:/devkitPro/libctru/lib\libctru.a(synchronization.o)
                0x00000000001078dc                LightEvent_Clear
 .text.LightEvent_Signal
                0x0000000000107980       0xc8 C:/devkitPro/libctru/lib\libctru.a(synchronization.o)
                0x0000000000107980                LightEvent_Signal
 .text.LightEvent_TryWait
                0x0000000000107a48       0x58 C:/devkitPro/libctru/lib\libctru.a(synchronization.o)
                0x0000000000107a48                LightEvent_TryWait
 .text.LightEvent_Wait
                0x0000000000107aa0       0xb0 C:/devkitPro/libctru/lib\libctru.a(synchronization.o)
                0x0000000000107aa0                LightEvent_Wait
 .text.envGetHandle
                0x0000000000107b50       0x84 C:/devkitPro/libctru/lib\libctru.a(env.o)
                0x0000000000107b50                envGetHandle
 .text.envDestroyHandles
                0x0000000000107bd4       0x50 C:/devkitPro/libctru/lib\libctru.a(env.o)
                0x0000000000107bd4                envDestroyHandles
 .text.osGetTimeRef
                0x0000000000107c24       0x54 C:/devkitPro/libctru/lib\libctru.a(os.o)
                0x0000000000107c24                osGetTimeRef
 .text.osGetTime
                0x0000000000107c78       0xe4 C:/devkitPro/libctru/lib\libctru.a(os.o)
                0x0000000000107c78                osGetTime
 .text.__libctru_gtod
                0x0000000000107d5c       0x74 C:/devkitPro/libctru/lib\libctru.a(os.o)
                0x0000000000107d5c                __libctru_gtod
 .text.__ctru_speedup_config
                0x0000000000107dd0       0x34 C:/devkitPro/libctru/lib\libctru.a(os.o)
                0x0000000000107dd0                __ctru_speedup_config
 .text.srvInit  0x0000000000107e04      0x124 C:/devkitPro/libctru/lib\libctru.a(srv.o)
                0x0000000000107e04                srvInit
 .text.srvExit  0x0000000000107f28       0x58 C:/devkitPro/libctru/lib\libctru.a(srv.o)
                0x0000000000107f28                srvExit
 .text.srvGetServiceHandleDirect
                0x0000000000107f80       0x80 C:/devkitPro/libctru/lib\libctru.a(srv.o)
                0x0000000000107f80                srvGetServiceHandleDirect
 .text.srvGetServiceHandle
                0x0000000000108000       0x48 C:/devkitPro/libctru/lib\libctru.a(srv.o)
                0x0000000000108000                srvGetServiceHandle
 .text.srvPublishToSubscriber
                0x0000000000108048       0x38 C:/devkitPro/libctru/lib\libctru.a(srv.o)
                0x0000000000108048                srvPublishToSubscriber
 .text.threadCreate
                0x0000000000108080      0x188 C:/devkitPro/libctru/lib\libctru.a(thread.o)
                0x0000000000108080                threadCreate
 .text.threadFree
                0x0000000000108208       0x2c C:/devkitPro/libctru/lib\libctru.a(thread.o)
                0x0000000000108208                threadFree
 .text.threadJoin
                0x0000000000108234       0x24 C:/devkitPro/libctru/lib\libctru.a(thread.o)
                0x0000000000108234                threadJoin
 .text.threadGetCurrent
                0x0000000000108258       0x30 C:/devkitPro/libctru/lib\libctru.a(thread.o)
                0x0000000000108258                threadGetCurrent
 .text.threadExit
                0x0000000000108288       0x40 C:/devkitPro/libctru/lib\libctru.a(thread.o)
                0x0000000000108288                threadExit
 .text._thread_begin
                0x00000000001082c8       0x44 C:/devkitPro/libctru/lib\libctru.a(thread.o)
 .text.mappableFindAddressWithin
                0x000000000010830c       0x94 C:/devkitPro/libctru/lib\libctru.a(mappable.o)
 .text.mappableInit
                0x00000000001083a0       0x28 C:/devkitPro/libctru/lib\libctru.a(mappable.o)
                0x00000000001083a0                mappableInit
 .text.mappableAlloc
                0x00000000001083c8       0x80 C:/devkitPro/libctru/lib\libctru.a(mappable.o)
                0x00000000001083c8                mappableAlloc
 .text.mappableFree
                0x0000000000108448        0x4 C:/devkitPro/libctru/lib\libctru.a(mappable.o)
                0x0000000000108448                mappableFree
 .text.irrstInit
                0x000000000010844c      0x160 C:/devkitPro/libctru/lib\libctru.a(irrst.o)
                0x000000000010844c                irrstInit
 .text.irrstExit
                0x00000000001085ac       0xcc C:/devkitPro/libctru/lib\libctru.a(irrst.o)
                0x00000000001085ac                irrstExit
 .text.irrstScanInput
                0x0000000000108678       0xb0 C:/devkitPro/libctru/lib\libctru.a(irrst.o)
                0x0000000000108678                irrstScanInput
 .text.irrstKeysHeld
                0x0000000000108728       0x24 C:/devkitPro/libctru/lib\libctru.a(irrst.o)
                0x0000000000108728                irrstKeysHeld
 .text.srvPmGetSessionHandle
                0x000000000010874c        0xc C:/devkitPro/libctru/lib\libctru.a(srvpm.o)
                0x000000000010874c                srvPmGetSessionHandle
 .text.ptmSysmInit
                0x0000000000108758       0x74 C:/devkitPro/libctru/lib\libctru.a(ptmsysm.o)
                0x0000000000108758                ptmSysmInit
 .text.ptmSysmExit
                0x00000000001087cc       0x3c C:/devkitPro/libctru/lib\libctru.a(ptmsysm.o)
                0x00000000001087cc                ptmSysmExit
 .text.PTMSYSM_ConfigureNew3DSCPU
                0x0000000000108808       0x34 C:/devkitPro/libctru/lib\libctru.a(ptmsysm.o)
                0x0000000000108808                PTMSYSM_ConfigureNew3DSCPU
 .text.rbtree_init
                0x000000000010883c       0x10 C:/devkitPro/libctru/lib\libctru.a(rbtree_init.o)
                0x000000000010883c                rbtree_init
 .text.do_insert
                0x000000000010884c      0x1a0 C:/devkitPro/libctru/lib\libctru.a(rbtree_insert.o)
 .text.rbtree_insert
                0x00000000001089ec        0x8 C:/devkitPro/libctru/lib\libctru.a(rbtree_insert.o)
                0x00000000001089ec                rbtree_insert
 .text.rbtree_rotate
                0x00000000001089f4       0x90 C:/devkitPro/libctru/lib\libctru.a(rbtree_rotate.o)
                0x00000000001089f4                rbtree_rotate
 .text.rbtree_remove
                0x0000000000108a84      0x338 C:/devkitPro/libctru/lib\libctru.a(rbtree_remove.o)
                0x0000000000108a84                rbtree_remove
 .text.rbtree_find
                0x0000000000108dbc       0x74 C:/devkitPro/libctru/lib\libctru.a(rbtree_find.o)
                0x0000000000108dbc                rbtree_find
 .text.__appInit
                0x0000000000108e30       0x30 C:/devkitPro/libctru/lib\libctru.a(appInit.o)
                0x0000000000108e30                __appInit
 .text.__libctru_nanosleep
                0x0000000000108e60       0x30 C:/devkitPro/libctru/lib\libctru.a(syscalls.o)
 .text.__libctru_get_reent
                0x0000000000108e90       0x30 C:/devkitPro/libctru/lib\libctru.a(syscalls.o)
 .text.__system_initSyscalls
                0x0000000000108ec0       0xf8 C:/devkitPro/libctru/lib\libctru.a(syscalls.o)
                0x0000000000108ec0                __system_initSyscalls
 .text.__system_allocateHeaps
                0x0000000000108fb8      0x1e0 C:/devkitPro/libctru/lib\libctru.a(allocateHeaps.o)
                0x0000000000108fb8                __system_allocateHeaps
 .text.__appExit
                0x0000000000109198       0x30 C:/devkitPro/libctru/lib\libctru.a(appExit.o)
                0x0000000000109198                __appExit
 .text.__libctru_exit
                0x00000000001091c8       0x90 C:/devkitPro/libctru/lib\libctru.a(ctru_exit.o)
                0x00000000001091c8                __libctru_exit
 .text.archive_link
                0x0000000000109258       0x14 C:/devkitPro/libctru/lib\libctru.a(archive_dev.o)
 .text.archive_dirreset
                0x000000000010926c       0x14 C:/devkitPro/libctru/lib\libctru.a(archive_dev.o)
 .text.archive_chmod
                0x0000000000109280       0x14 C:/devkitPro/libctru/lib\libctru.a(archive_dev.o)
 .text.error_cmp
                0x0000000000109294       0x24 C:/devkitPro/libctru/lib\libctru.a(archive_dev.o)
 .text.archive_translate_error
                0x00000000001092b8       0x50 C:/devkitPro/libctru/lib\libctru.a(archive_dev.o)
 .text.archive_seek
                0x0000000000109308       0xd4 C:/devkitPro/libctru/lib\libctru.a(archive_dev.o)
 .text._archiveInit.part.0
                0x00000000001093dc       0x7c C:/devkitPro/libctru/lib\libctru.a(archive_dev.o)
 .text.archiveFindDevice.part.0
                0x0000000000109458       0x8c C:/devkitPro/libctru/lib\libctru.a(archive_dev.o)
 .text.archive_utf16path
                0x00000000001094e4      0x294 C:/devkitPro/libctru/lib\libctru.a(archive_dev.o)
 .text._archiveUnmountDeviceStruct.part.0
                0x0000000000109778       0xa0 C:/devkitPro/libctru/lib\libctru.a(archive_dev.o)
 .text.archive_fchmod
                0x0000000000109818       0x14 C:/devkitPro/libctru/lib\libctru.a(archive_dev.o)
 .text.archive_statvfs
                0x000000000010982c       0x14 C:/devkitPro/libctru/lib\libctru.a(archive_dev.o)
 .text._archiveMountDevice
                0x0000000000109840      0x158 C:/devkitPro/libctru/lib\libctru.a(archive_dev.o)
 .text.archive_diropen
                0x0000000000109998       0xe8 C:/devkitPro/libctru/lib\libctru.a(archive_dev.o)
 .text.archive_fstat
                0x0000000000109a80       0xa4 C:/devkitPro/libctru/lib\libctru.a(archive_dev.o)
 .text.archive_close
                0x0000000000109b24       0x6c C:/devkitPro/libctru/lib\libctru.a(archive_dev.o)
 .text.archive_fsync
                0x0000000000109b90       0x6c C:/devkitPro/libctru/lib\libctru.a(archive_dev.o)
 .text.archive_dirclose
                0x0000000000109bfc       0x70 C:/devkitPro/libctru/lib\libctru.a(archive_dev.o)
 .text.sdmc_statvfs
                0x0000000000109c6c       0xe8 C:/devkitPro/libctru/lib\libctru.a(archive_dev.o)
 .text.archive_ftruncate
                0x0000000000109d54       0x80 C:/devkitPro/libctru/lib\libctru.a(archive_dev.o)
 .text.archive_chdir
                0x0000000000109dd4       0xfc C:/devkitPro/libctru/lib\libctru.a(archive_dev.o)
 .text.archive_read
                0x0000000000109ed0       0xb0 C:/devkitPro/libctru/lib\libctru.a(archive_dev.o)
 .text.archive_unlink
                0x0000000000109f80       0xac C:/devkitPro/libctru/lib\libctru.a(archive_dev.o)
 .text.archive_rmdir
                0x000000000010a02c       0xc8 C:/devkitPro/libctru/lib\libctru.a(archive_dev.o)
 .text.archive_mkdir
                0x000000000010a0f4       0xec C:/devkitPro/libctru/lib\libctru.a(archive_dev.o)
 .text.archive_stat
                0x000000000010a1e0      0x1a8 C:/devkitPro/libctru/lib\libctru.a(archive_dev.o)
 .text.archive_rename
                0x000000000010a388      0x184 C:/devkitPro/libctru/lib\libctru.a(archive_dev.o)
 .text.archive_dirnext
                0x000000000010a50c      0x168 C:/devkitPro/libctru/lib\libctru.a(archive_dev.o)
 .text.archive_write
                0x000000000010a674      0x12c C:/devkitPro/libctru/lib\libctru.a(archive_dev.o)
 .text.archive_open
                0x000000000010a7a0      0x1f0 C:/devkitPro/libctru/lib\libctru.a(archive_dev.o)
 .text.archiveMountSdmc
                0x000000000010a990      0x1a4 C:/devkitPro/libctru/lib\libctru.a(archive_dev.o)
                0x000000000010a990                archiveMountSdmc
 .text.archiveUnmountAll
                0x000000000010ab34       0x54 C:/devkitPro/libctru/lib\libctru.a(archive_dev.o)
                0x000000000010ab34                archiveUnmountAll
 .text.rbtree_node_next
                0x000000000010ab88       0x50 C:/devkitPro/libctru/lib\libctru.a(rbtree_iterator.o)
                0x000000000010ab88                rbtree_node_next
 .text.utf16_to_utf8
                0x000000000010abd8       0xe8 C:/devkitPro/libctru/lib\libctru.a(utf16_to_utf8.o)
                0x000000000010abd8                utf16_to_utf8
 .text.decode_utf16
                0x000000000010acc0       0x64 C:/devkitPro/libctru/lib\libctru.a(decode_utf16.o)
                0x000000000010acc0                decode_utf16
 .text.decode_utf8
                0x000000000010ad24      0x13c C:/devkitPro/libctru/lib\libctru.a(decode_utf8.o)
                0x000000000010ad24                decode_utf8
 .text.utf8_to_utf16
                0x000000000010ae60       0xc0 C:/devkitPro/libctru/lib\libctru.a(utf8_to_utf16.o)
                0x000000000010ae60                utf8_to_utf16
 .text.__aeabi_read_tp
                0x000000000010af20        0xc C:/devkitPro/libctru/lib\libctru.a(readtp.o)
                0x000000000010af20                __aeabi_read_tp
 .text.encode_utf16
                0x000000000010af2c       0x60 C:/devkitPro/libctru/lib\libctru.a(encode_utf16.o)
                0x000000000010af2c                encode_utf16
 .text.encode_utf8
                0x000000000010af8c       0xfc C:/devkitPro/libctru/lib\libctru.a(encode_utf8.o)
                0x000000000010af8c                encode_utf8
 .text.__udivmoddi4
                0x000000000010b088      0x120 c:/devkitpro/devkitarm/bin/../lib/gcc/arm-none-eabi/11.1.0/armv6k/fpu\libgcc.a(_udivmoddi4.o)
                0x000000000010b088                __udivmoddi4
 .text.bsearch  0x000000000010b1a8       0x78 c:/devkitpro/devkitarm/bin/../lib/gcc/arm-none-eabi/11.1.0/../../../../arm-none-eabi/lib/armv6k/fpu\libg.a(lib_a-bsearch.o)
                0x000000000010b1a8                bsearch
 .text.__errno  0x000000000010b220        0xc c:/devkitpro/devkitarm/bin/../lib/gcc/arm-none-eabi/11.1.0/../../../../arm-none-eabi/lib/armv6k/fpu\libg.a(lib_a-errno.o)
                0x000000000010b220                __errno
 .text.exit     0x000000000010b22c       0x34 c:/devkitpro/devkitarm/bin/../lib/gcc/arm-none-eabi/11.1.0/../../../../arm-none-eabi/lib/armv6k/fpu\libg.a(lib_a-exit.o)
                0x000000000010b22c                exit
 .text._fclose_r
                0x000000000010b260      0x160 c:/devkitpro/devkitarm/bin/../lib/gcc/arm-none-eabi/11.1.0/../../../../arm-none-eabi/lib/armv6k/fpu\libg.a(lib_a-fclose.o)
                0x000000000010b260                _fclose_r
 .text.fclose   0x000000000010b3c0       0x20 c:/devkitpro/devkitarm/bin/../lib/gcc/arm-none-eabi/11.1.0/../../../../arm-none-eabi/lib/armv6k/fpu\libg.a(lib_a-fclose.o)
                0x000000000010b3c0                fclose
 .text.__sflush_r
                0x000000000010b3e0      0x258 c:/devkitpro/devkitarm/bin/../lib/gcc/arm-none-eabi/11.1.0/../../../../arm-none-eabi/lib/armv6k/fpu\libg.a(lib_a-fflush.o)
                0x000000000010b3e0                __sflush_r
 .text._fflush_r
                0x000000000010b638       0x94 c:/devkitpro/devkitarm/bin/../lib/gcc/arm-none-eabi/11.1.0/../../../../arm-none-eabi/lib/armv6k/fpu\libg.a(lib_a-fflush.o)
                0x000000000010b638                _fflush_r
 .text.fflush   0x000000000010b6cc       0x38 c:/devkitpro/devkitarm/bin/../lib/gcc/arm-none-eabi/11.1.0/../../../../arm-none-eabi/lib/armv6k/fpu\libg.a(lib_a-fflush.o)
                0x000000000010b6cc                fflush
 .text._cleanup_r
                0x000000000010b704        0xc c:/devkitpro/devkitarm/bin/../lib/gcc/arm-none-eabi/11.1.0/../../../../arm-none-eabi/lib/armv6k/fpu\libg.a(lib_a-findfp.o)
                0x000000000010b704                _cleanup_r
 .text.__sinit  0x000000000010b710      0x184 c:/devkitpro/devkitarm/bin/../lib/gcc/arm-none-eabi/11.1.0/../../../../arm-none-eabi/lib/armv6k/fpu\libg.a(lib_a-findfp.o)
                0x000000000010b710                __sinit
 .text.__sfp    0x000000000010b894      0x134 c:/devkitpro/devkitarm/bin/../lib/gcc/arm-none-eabi/11.1.0/../../../../arm-none-eabi/lib/armv6k/fpu\libg.a(lib_a-findfp.o)
                0x000000000010b894                __sfp
 .text.__sfp_lock_acquire
                0x000000000010b9c8        0xc c:/devkitpro/devkitarm/bin/../lib/gcc/arm-none-eabi/11.1.0/../../../../arm-none-eabi/lib/armv6k/fpu\libg.a(lib_a-findfp.o)
                0x000000000010b9c8                __sfp_lock_acquire
 .text.__sfp_lock_release
                0x000000000010b9d4        0xc c:/devkitpro/devkitarm/bin/../lib/gcc/arm-none-eabi/11.1.0/../../../../arm-none-eabi/lib/armv6k/fpu\libg.a(lib_a-findfp.o)
                0x000000000010b9d4                __sfp_lock_release
 .text.__libc_fini_array
                0x000000000010b9e0       0x3c c:/devkitpro/devkitarm/bin/../lib/gcc/arm-none-eabi/11.1.0/../../../../arm-none-eabi/lib/armv6k/fpu\libg.a(lib_a-fini.o)
                0x000000000010b9e0                __libc_fini_array
 .text._fopen_r
                0x000000000010ba1c      0x140 c:/devkitpro/devkitarm/bin/../lib/gcc/arm-none-eabi/11.1.0/../../../../arm-none-eabi/lib/armv6k/fpu\libg.a(lib_a-fopen.o)
                0x000000000010ba1c                _fopen_r
 .text.fopen    0x000000000010bb5c       0x28 c:/devkitpro/devkitarm/bin/../lib/gcc/arm-none-eabi/11.1.0/../../../../arm-none-eabi/lib/armv6k/fpu\libg.a(lib_a-fopen.o)
                0x000000000010bb5c                fopen
 .text._fread_r
                0x000000000010bb84      0x2d4 c:/devkitpro/devkitarm/bin/../lib/gcc/arm-none-eabi/11.1.0/../../../../arm-none-eabi/lib/armv6k/fpu\libg.a(lib_a-fread.o)
                0x000000000010bb84                _fread_r
 .text.fread    0x000000000010be58       0x38 c:/devkitpro/devkitarm/bin/../lib/gcc/arm-none-eabi/11.1.0/../../../../arm-none-eabi/lib/armv6k/fpu\libg.a(lib_a-fread.o)
                0x000000000010be58                fread
 .text._malloc_trim_r
                0x000000000010be90       0xf8 c:/devkitpro/devkitarm/bin/../lib/gcc/arm-none-eabi/11.1.0/../../../../arm-none-eabi/lib/armv6k/fpu\libg.a(lib_a-freer.o)
                0x000000000010be90                _malloc_trim_r
 .text._free_r  0x000000000010bf88      0x2e4 c:/devkitpro/devkitarm/bin/../lib/gcc/arm-none-eabi/11.1.0/../../../../arm-none-eabi/lib/armv6k/fpu\libg.a(lib_a-freer.o)
                0x000000000010bf88                _free_r
 .text._fseek_r
                0x000000000010c26c       0x1c c:/devkitpro/devkitarm/bin/../lib/gcc/arm-none-eabi/11.1.0/../../../../arm-none-eabi/lib/armv6k/fpu\libg.a(lib_a-fseek.o)
                0x000000000010c26c                _fseek_r
 .text._fseeko_r
                0x000000000010c288      0x598 c:/devkitpro/devkitarm/bin/../lib/gcc/arm-none-eabi/11.1.0/../../../../arm-none-eabi/lib/armv6k/fpu\libg.a(lib_a-fseeko.o)
                0x000000000010c288                _fseeko_r
 .text._fwalk   0x000000000010c820       0x68 c:/devkitpro/devkitarm/bin/../lib/gcc/arm-none-eabi/11.1.0/../../../../arm-none-eabi/lib/armv6k/fpu\libg.a(lib_a-fwalk.o)
                0x000000000010c820                _fwalk
 .text._fwalk_reent
                0x000000000010c888       0x70 c:/devkitpro/devkitarm/bin/../lib/gcc/arm-none-eabi/11.1.0/../../../../arm-none-eabi/lib/armv6k/fpu\libg.a(lib_a-fwalk.o)
                0x000000000010c888                _fwalk_reent
 .text._fwrite_r
                0x000000000010c8f8       0xf8 c:/devkitpro/devkitarm/bin/../lib/gcc/arm-none-eabi/11.1.0/../../../../arm-none-eabi/lib/armv6k/fpu\libg.a(lib_a-fwrite.o)
                0x000000000010c8f8                _fwrite_r
 .text.fwrite   0x000000000010c9f0       0x38 c:/devkitpro/devkitarm/bin/../lib/gcc/arm-none-eabi/11.1.0/../../../../arm-none-eabi/lib/armv6k/fpu\libg.a(lib_a-fwrite.o)
                0x000000000010c9f0                fwrite
 .text.__libc_init_array
                0x000000000010ca28       0x7c c:/devkitpro/devkitarm/bin/../lib/gcc/arm-none-eabi/11.1.0/../../../../arm-none-eabi/lib/armv6k/fpu\libg.a(lib_a-init.o)
                0x000000000010ca28                __libc_init_array
 .text.iprintf  0x000000000010caa4       0x34 c:/devkitpro/devkitarm/bin/../lib/gcc/arm-none-eabi/11.1.0/../../../../arm-none-eabi/lib/armv6k/fpu\libg.a(lib_a-iprintf.o)
                0x000000000010caa4                iprintf
 .text.__smakebuf_r
                0x000000000010cad8      0x138 c:/devkitpro/devkitarm/bin/../lib/gcc/arm-none-eabi/11.1.0/../../../../arm-none-eabi/lib/armv6k/fpu\libg.a(lib_a-makebuf.o)
                0x000000000010cad8                __smakebuf_r
 .text.__swhatbuf_r
                0x000000000010cc10       0x8c c:/devkitpro/devkitarm/bin/../lib/gcc/arm-none-eabi/11.1.0/../../../../arm-none-eabi/lib/armv6k/fpu\libg.a(lib_a-makebuf.o)
                0x000000000010cc10                __swhatbuf_r
 .text.memalign
                0x000000000010cc9c       0x28 c:/devkitpro/devkitarm/bin/../lib/gcc/arm-none-eabi/11.1.0/../../../../arm-none-eabi/lib/armv6k/fpu\libg.a(lib_a-malign.o)
                0x000000000010cc9c                memalign
 .text._memalign_r
                0x000000000010ccc4      0x150 c:/devkitpro/devkitarm/bin/../lib/gcc/arm-none-eabi/11.1.0/../../../../arm-none-eabi/lib/armv6k/fpu\libg.a(lib_a-malignr.o)
                0x000000000010ccc4                _memalign_r
 .text.malloc   0x000000000010ce14       0x20 c:/devkitpro/devkitarm/bin/../lib/gcc/arm-none-eabi/11.1.0/../../../../arm-none-eabi/lib/armv6k/fpu\libg.a(lib_a-malloc.o)
                0x000000000010ce14                malloc
 .text.free     0x000000000010ce34       0x20 c:/devkitpro/devkitarm/bin/../lib/gcc/arm-none-eabi/11.1.0/../../../../arm-none-eabi/lib/armv6k/fpu\libg.a(lib_a-malloc.o)
                0x000000000010ce34                free
 .text._malloc_r
                0x000000000010ce54      0x7e0 c:/devkitpro/devkitarm/bin/../lib/gcc/arm-none-eabi/11.1.0/../../../../arm-none-eabi/lib/armv6k/fpu\libg.a(lib_a-mallocr.o)
                0x000000000010ce54                _malloc_r
 .text.memchr   0x000000000010d634       0xe0 c:/devkitpro/devkitarm/bin/../lib/gcc/arm-none-eabi/11.1.0/../../../../arm-none-eabi/lib/armv6k/fpu\libg.a(lib_a-memchr-stub.o)
                0x000000000010d634                memchr
 .text.memcpy   0x000000000010d714      0x11c c:/devkitpro/devkitarm/bin/../lib/gcc/arm-none-eabi/11.1.0/../../../../arm-none-eabi/lib/armv6k/fpu\libg.a(lib_a-memcpy-stub.o)
                0x000000000010d714                memcpy
 .text.memset   0x000000000010d830      0x118 c:/devkitpro/devkitarm/bin/../lib/gcc/arm-none-eabi/11.1.0/../../../../arm-none-eabi/lib/armv6k/fpu\libg.a(lib_a-memset.o)
                0x000000000010d830                memset
 .text.__malloc_lock
                0x000000000010d948        0xc c:/devkitpro/devkitarm/bin/../lib/gcc/arm-none-eabi/11.1.0/../../../../arm-none-eabi/lib/armv6k/fpu\libg.a(lib_a-mlock.o)
                0x000000000010d948                __malloc_lock
 .text.__malloc_unlock
                0x000000000010d954        0xc c:/devkitpro/devkitarm/bin/../lib/gcc/arm-none-eabi/11.1.0/../../../../arm-none-eabi/lib/armv6k/fpu\libg.a(lib_a-mlock.o)
                0x000000000010d954                __malloc_unlock
 .text.printf   0x000000000010d960       0x34 c:/devkitpro/devkitarm/bin/../lib/gcc/arm-none-eabi/11.1.0/../../../../arm-none-eabi/lib/armv6k/fpu\libg.a(lib_a-printf.o)
                0x000000000010d960                printf
 .text._puts_r  0x000000000010d994       0xe0 c:/devkitpro/devkitarm/bin/../lib/gcc/arm-none-eabi/11.1.0/../../../../arm-none-eabi/lib/armv6k/fpu\libg.a(lib_a-puts.o)
                0x000000000010d994                _puts_r
 .text.puts     0x000000000010da74       0x20 c:/devkitpro/devkitarm/bin/../lib/gcc/arm-none-eabi/11.1.0/../../../../arm-none-eabi/lib/armv6k/fpu\libg.a(lib_a-puts.o)
                0x000000000010da74                puts
 .text.lflush   0x000000000010da94       0x1c c:/devkitpro/devkitarm/bin/../lib/gcc/arm-none-eabi/11.1.0/../../../../arm-none-eabi/lib/armv6k/fpu\libg.a(lib_a-refill.o)
 .text.__srefill_r
                0x000000000010dab0      0x1ac c:/devkitpro/devkitarm/bin/../lib/gcc/arm-none-eabi/11.1.0/../../../../arm-none-eabi/lib/armv6k/fpu\libg.a(lib_a-refill.o)
                0x000000000010dab0                __srefill_r
 .text.setvbuf  0x000000000010dc5c      0x260 c:/devkitpro/devkitarm/bin/../lib/gcc/arm-none-eabi/11.1.0/../../../../arm-none-eabi/lib/armv6k/fpu\libg.a(lib_a-setvbuf.o)
                0x000000000010dc5c                setvbuf
 .text.sscanf   0x000000000010debc       0x74 c:/devkitpro/devkitarm/bin/../lib/gcc/arm-none-eabi/11.1.0/../../../../arm-none-eabi/lib/armv6k/fpu\libg.a(lib_a-sscanf.o)
                0x000000000010debc                sscanf
 .text.__sread  0x000000000010df30       0x44 c:/devkitpro/devkitarm/bin/../lib/gcc/arm-none-eabi/11.1.0/../../../../arm-none-eabi/lib/armv6k/fpu\libg.a(lib_a-stdio.o)
                0x000000000010df30                __sread
 .text.__seofread
                0x000000000010df74        0x8 c:/devkitpro/devkitarm/bin/../lib/gcc/arm-none-eabi/11.1.0/../../../../arm-none-eabi/lib/armv6k/fpu\libg.a(lib_a-stdio.o)
                0x000000000010df74                __seofread
 .text.__swrite
                0x000000000010df7c       0x68 c:/devkitpro/devkitarm/bin/../lib/gcc/arm-none-eabi/11.1.0/../../../../arm-none-eabi/lib/armv6k/fpu\libg.a(lib_a-stdio.o)
                0x000000000010df7c                __swrite
 .text.__sseek  0x000000000010dfe4       0x48 c:/devkitpro/devkitarm/bin/../lib/gcc/arm-none-eabi/11.1.0/../../../../arm-none-eabi/lib/armv6k/fpu\libg.a(lib_a-stdio.o)
                0x000000000010dfe4                __sseek
 .text.__sclose
                0x000000000010e02c        0x8 c:/devkitpro/devkitarm/bin/../lib/gcc/arm-none-eabi/11.1.0/../../../../arm-none-eabi/lib/armv6k/fpu\libg.a(lib_a-stdio.o)
                0x000000000010e02c                __sclose
 .text.strlen   0x000000000010e034       0x5c c:/devkitpro/devkitarm/bin/../lib/gcc/arm-none-eabi/11.1.0/../../../../arm-none-eabi/lib/armv6k/fpu\libg.a(lib_a-strlen-stub.o)
                0x000000000010e034                strlen
 .text.strncat  0x000000000010e090       0xec c:/devkitpro/devkitarm/bin/../lib/gcc/arm-none-eabi/11.1.0/../../../../arm-none-eabi/lib/armv6k/fpu\libg.a(lib_a-strncat.o)
                0x000000000010e090                strncat
 .text.strncmp  0x000000000010e17c       0xdc c:/devkitpro/devkitarm/bin/../lib/gcc/arm-none-eabi/11.1.0/../../../../arm-none-eabi/lib/armv6k/fpu\libg.a(lib_a-strncmp.o)
                0x000000000010e17c                strncmp
 .text.strncpy  0x000000000010e258       0xc0 c:/devkitpro/devkitarm/bin/../lib/gcc/arm-none-eabi/11.1.0/../../../../arm-none-eabi/lib/armv6k/fpu\libg.a(lib_a-strncpy.o)
                0x000000000010e258                strncpy
 .text.strnlen  0x000000000010e318       0x48 c:/devkitpro/devkitarm/bin/../lib/gcc/arm-none-eabi/11.1.0/../../../../arm-none-eabi/lib/armv6k/fpu\libg.a(lib_a-strnlen.o)
                0x000000000010e318                strnlen
 .text.get_arg  0x000000000010e360       0x50 c:/devkitpro/devkitarm/bin/../lib/gcc/arm-none-eabi/11.1.0/../../../../arm-none-eabi/lib/armv6k/fpu\libg.a(lib_a-svfscanf.o)
 .text.__ssvfscanf_r
                0x000000000010e3b0     0x2bbc c:/devkitpro/devkitarm/bin/../lib/gcc/arm-none-eabi/11.1.0/../../../../arm-none-eabi/lib/armv6k/fpu\libg.a(lib_a-svfscanf.o)
                0x000000000010e3b0                __ssvfscanf_r
 .text.stat     0x0000000000110f6c       0x28 c:/devkitpro/devkitarm/bin/../lib/gcc/arm-none-eabi/11.1.0/../../../../arm-none-eabi/lib/armv6k/fpu\libg.a(lib_a-sysstat.o)
                0x0000000000110f6c                stat
 .text.get_arg  0x0000000000110f94      0x628 c:/devkitpro/devkitarm/bin/../lib/gcc/arm-none-eabi/11.1.0/../../../../arm-none-eabi/lib/armv6k/fpu\libg.a(lib_a-vfiprintf.o)
 .text.__sprint_r
                0x00000000001115bc       0x30 c:/devkitpro/devkitarm/bin/../lib/gcc/arm-none-eabi/11.1.0/../../../../arm-none-eabi/lib/armv6k/fpu\libg.a(lib_a-vfiprintf.o)
                0x00000000001115bc                __sprint_r
 .text._vfiprintf_r
                0x00000000001115ec     0x233c c:/devkitpro/devkitarm/bin/../lib/gcc/arm-none-eabi/11.1.0/../../../../arm-none-eabi/lib/armv6k/fpu\libg.a(lib_a-vfiprintf.o)
                0x00000000001115ec                _vfiprintf_r
 .text.__sbprintf
                0x0000000000113928       0xd4 c:/devkitpro/devkitarm/bin/../lib/gcc/arm-none-eabi/11.1.0/../../../../arm-none-eabi/lib/armv6k/fpu\libg.a(lib_a-vfiprintf.o)
 .text.get_arg  0x00000000001139fc      0x628 c:/devkitpro/devkitarm/bin/../lib/gcc/arm-none-eabi/11.1.0/../../../../arm-none-eabi/lib/armv6k/fpu\libg.a(lib_a-vfprintf.o)
 *fill*         0x0000000000114024        0x4 
 .text._vfprintf_r
                0x0000000000114028     0x3684 c:/devkitpro/devkitarm/bin/../lib/gcc/arm-none-eabi/11.1.0/../../../../arm-none-eabi/lib/armv6k/fpu\libg.a(lib_a-vfprintf.o)
                0x0000000000114028                _vfprintf_r
 .text.__sbprintf
                0x00000000001176ac       0xd4 c:/devkitpro/devkitarm/bin/../lib/gcc/arm-none-eabi/11.1.0/../../../../arm-none-eabi/lib/armv6k/fpu\libg.a(lib_a-vfprintf.o)
 .text._wcrtomb_r
                0x0000000000117780       0x54 c:/devkitpro/devkitarm/bin/../lib/gcc/arm-none-eabi/11.1.0/../../../../arm-none-eabi/lib/armv6k/fpu\libg.a(lib_a-wcrtomb.o)
                0x0000000000117780                _wcrtomb_r
 .text._wcsrtombs_r
                0x00000000001177d4       0x28 c:/devkitpro/devkitarm/bin/../lib/gcc/arm-none-eabi/11.1.0/../../../../arm-none-eabi/lib/armv6k/fpu\libg.a(lib_a-wcsrtombs.o)
                0x00000000001177d4                _wcsrtombs_r
 .text.__swsetup_r
                0x00000000001177fc      0x154 c:/devkitpro/devkitarm/bin/../lib/gcc/arm-none-eabi/11.1.0/../../../../arm-none-eabi/lib/armv6k/fpu\libg.a(lib_a-wsetup.o)
                0x00000000001177fc                __swsetup_r
 .text.__call_exitprocs
                0x0000000000117950      0x114 c:/devkitpro/devkitarm/bin/../lib/gcc/arm-none-eabi/11.1.0/../../../../arm-none-eabi/lib/armv6k/fpu\libg.a(lib_a-__call_atexit.o)
                0x0000000000117950                __call_exitprocs
 .text.quorem   0x0000000000117a64      0x1ac c:/devkitpro/devkitarm/bin/../lib/gcc/arm-none-eabi/11.1.0/../../../../arm-none-eabi/lib/armv6k/fpu\libg.a(lib_a-dtoa.o)
 .text._dtoa_r  0x0000000000117c10     0x12cc c:/devkitpro/devkitarm/bin/../lib/gcc/arm-none-eabi/11.1.0/../../../../arm-none-eabi/lib/armv6k/fpu\libg.a(lib_a-dtoa.o)
                0x0000000000117c10                _dtoa_r
 .text.__sflags
                0x0000000000118edc       0xcc c:/devkitpro/devkitarm/bin/../lib/gcc/arm-none-eabi/11.1.0/../../../../arm-none-eabi/lib/armv6k/fpu\libg.a(lib_a-flags.o)
                0x0000000000118edc                __sflags
 .text.__sfvwrite_r
                0x0000000000118fa8      0x4c0 c:/devkitpro/devkitarm/bin/../lib/gcc/arm-none-eabi/11.1.0/../../../../arm-none-eabi/lib/armv6k/fpu\libg.a(lib_a-fvwrite.o)
                0x0000000000118fa8                __sfvwrite_r
 .text.iswspace
                0x0000000000119468        0x8 c:/devkitpro/devkitarm/bin/../lib/gcc/arm-none-eabi/11.1.0/../../../../arm-none-eabi/lib/armv6k/fpu\libg.a(lib_a-iswspace.o)
                0x0000000000119468                iswspace
 .text._localeconv_r
                0x0000000000119470        0xc c:/devkitpro/devkitarm/bin/../lib/gcc/arm-none-eabi/11.1.0/../../../../arm-none-eabi/lib/armv6k/fpu\libg.a(lib_a-localeconv.o)
                0x0000000000119470                _localeconv_r
 .text.__locale_mb_cur_max
                0x000000000011947c       0x10 c:/devkitpro/devkitarm/bin/../lib/gcc/arm-none-eabi/11.1.0/../../../../arm-none-eabi/lib/armv6k/fpu\libg.a(lib_a-locale.o)
                0x000000000011947c                __locale_mb_cur_max
 .text._mbrtowc_r
                0x000000000011948c       0x68 c:/devkitpro/devkitarm/bin/../lib/gcc/arm-none-eabi/11.1.0/../../../../arm-none-eabi/lib/armv6k/fpu\libg.a(lib_a-mbrtowc.o)
                0x000000000011948c                _mbrtowc_r
 .text.__utf8_mbtowc
                0x00000000001194f4      0x2e4 c:/devkitpro/devkitarm/bin/../lib/gcc/arm-none-eabi/11.1.0/../../../../arm-none-eabi/lib/armv6k/fpu\libg.a(lib_a-mbtowc_r.o)
                0x00000000001194f4                __utf8_mbtowc
 .text.memmove  0x00000000001197d8      0x154 c:/devkitpro/devkitarm/bin/../lib/gcc/arm-none-eabi/11.1.0/../../../../arm-none-eabi/lib/armv6k/fpu\libg.a(lib_a-memmove.o)
                0x00000000001197d8                memmove
 .text._Balloc  0x000000000011992c       0x88 c:/devkitpro/devkitarm/bin/../lib/gcc/arm-none-eabi/11.1.0/../../../../arm-none-eabi/lib/armv6k/fpu\libg.a(lib_a-mprec.o)
                0x000000000011992c                _Balloc
 .text._Bfree   0x00000000001199b4       0x1c c:/devkitpro/devkitarm/bin/../lib/gcc/arm-none-eabi/11.1.0/../../../../arm-none-eabi/lib/armv6k/fpu\libg.a(lib_a-mprec.o)
                0x00000000001199b4                _Bfree
 .text.__multadd
                0x00000000001199d0       0xf4 c:/devkitpro/devkitarm/bin/../lib/gcc/arm-none-eabi/11.1.0/../../../../arm-none-eabi/lib/armv6k/fpu\libg.a(lib_a-mprec.o)
                0x00000000001199d0                __multadd
 .text.__s2b    0x0000000000119ac4      0x110 c:/devkitpro/devkitarm/bin/../lib/gcc/arm-none-eabi/11.1.0/../../../../arm-none-eabi/lib/armv6k/fpu\libg.a(lib_a-mprec.o)
                0x0000000000119ac4                __s2b
 .text.__hi0bits
                0x0000000000119bd4       0x58 c:/devkitpro/devkitarm/bin/../lib/gcc/arm-none-eabi/11.1.0/../../../../arm-none-eabi/lib/armv6k/fpu\libg.a(lib_a-mprec.o)
                0x0000000000119bd4                __hi0bits
 .text.__lo0bits
                0x0000000000119c2c       0x94 c:/devkitpro/devkitarm/bin/../lib/gcc/arm-none-eabi/11.1.0/../../../../arm-none-eabi/lib/armv6k/fpu\libg.a(lib_a-mprec.o)
                0x0000000000119c2c                __lo0bits
 .text.__i2b    0x0000000000119cc0       0xa4 c:/devkitpro/devkitarm/bin/../lib/gcc/arm-none-eabi/11.1.0/../../../../arm-none-eabi/lib/armv6k/fpu\libg.a(lib_a-mprec.o)
                0x0000000000119cc0                __i2b
 .text.__multiply
                0x0000000000119d64      0x204 c:/devkitpro/devkitarm/bin/../lib/gcc/arm-none-eabi/11.1.0/../../../../arm-none-eabi/lib/armv6k/fpu\libg.a(lib_a-mprec.o)
                0x0000000000119d64                __multiply
 .text.__pow5mult
                0x0000000000119f68      0x120 c:/devkitpro/devkitarm/bin/../lib/gcc/arm-none-eabi/11.1.0/../../../../arm-none-eabi/lib/armv6k/fpu\libg.a(lib_a-mprec.o)
                0x0000000000119f68                __pow5mult
 .text.__lshift
                0x000000000011a088      0x13c c:/devkitpro/devkitarm/bin/../lib/gcc/arm-none-eabi/11.1.0/../../../../arm-none-eabi/lib/armv6k/fpu\libg.a(lib_a-mprec.o)
                0x000000000011a088                __lshift
 .text.__mcmp   0x000000000011a1c4       0x58 c:/devkitpro/devkitarm/bin/../lib/gcc/arm-none-eabi/11.1.0/../../../../arm-none-eabi/lib/armv6k/fpu\libg.a(lib_a-mprec.o)
                0x000000000011a1c4                __mcmp
 .text.__mdiff  0x000000000011a21c      0x1cc c:/devkitpro/devkitarm/bin/../lib/gcc/arm-none-eabi/11.1.0/../../../../arm-none-eabi/lib/armv6k/fpu\libg.a(lib_a-mprec.o)
                0x000000000011a21c                __mdiff
 .text.__ulp    0x000000000011a3e8       0x74 c:/devkitpro/devkitarm/bin/../lib/gcc/arm-none-eabi/11.1.0/../../../../arm-none-eabi/lib/armv6k/fpu\libg.a(lib_a-mprec.o)
                0x000000000011a3e8                __ulp
 .text.__b2d    0x000000000011a45c       0xd0 c:/devkitpro/devkitarm/bin/../lib/gcc/arm-none-eabi/11.1.0/../../../../arm-none-eabi/lib/armv6k/fpu\libg.a(lib_a-mprec.o)
                0x000000000011a45c                __b2d
 .text.__d2b    0x000000000011a52c      0x124 c:/devkitpro/devkitarm/bin/../lib/gcc/arm-none-eabi/11.1.0/../../../../arm-none-eabi/lib/armv6k/fpu\libg.a(lib_a-mprec.o)
                0x000000000011a52c                __d2b
 .text.__ratio  0x000000000011a650       0x78 c:/devkitpro/devkitarm/bin/../lib/gcc/arm-none-eabi/11.1.0/../../../../arm-none-eabi/lib/armv6k/fpu\libg.a(lib_a-mprec.o)
                0x000000000011a650                __ratio
 .text.__copybits
                0x000000000011a6c8       0x88 c:/devkitpro/devkitarm/bin/../lib/gcc/arm-none-eabi/11.1.0/../../../../arm-none-eabi/lib/armv6k/fpu\libg.a(lib_a-mprec.o)
                0x000000000011a6c8                __copybits
 .text.__any_on
                0x000000000011a750       0x5c c:/devkitpro/devkitarm/bin/../lib/gcc/arm-none-eabi/11.1.0/../../../../arm-none-eabi/lib/armv6k/fpu\libg.a(lib_a-mprec.o)
                0x000000000011a750                __any_on
 .text.realloc  0x000000000011a7ac       0x28 c:/devkitpro/devkitarm/bin/../lib/gcc/arm-none-eabi/11.1.0/../../../../arm-none-eabi/lib/armv6k/fpu\libg.a(lib_a-realloc.o)
                0x000000000011a7ac                realloc
 .text._realloc_r
                0x000000000011a7d4      0x558 c:/devkitpro/devkitarm/bin/../lib/gcc/arm-none-eabi/11.1.0/../../../../arm-none-eabi/lib/armv6k/fpu\libg.a(lib_a-reallocr.o)
                0x000000000011a7d4                _realloc_r
 .text.__sccl   0x000000000011ad2c       0xe4 c:/devkitpro/devkitarm/bin/../lib/gcc/arm-none-eabi/11.1.0/../../../../arm-none-eabi/lib/armv6k/fpu\libg.a(lib_a-sccl.o)
                0x000000000011ad2c                __sccl
 .text.nanf     0x000000000011ae10        0xc c:/devkitpro/devkitarm/bin/../lib/gcc/arm-none-eabi/11.1.0/../../../../arm-none-eabi/lib/armv6k/fpu\libg.a(lib_a-sf_nan.o)
                0x000000000011ae10                nanf
 *fill*         0x000000000011ae1c        0x4 
 .text.frexp    0x000000000011ae20       0xa8 c:/devkitpro/devkitarm/bin/../lib/gcc/arm-none-eabi/11.1.0/../../../../arm-none-eabi/lib/armv6k/fpu\libg.a(lib_a-s_frexp.o)
                0x000000000011ae20                frexp
 .text.sprintf  0x000000000011aec8       0x64 c:/devkitpro/devkitarm/bin/../lib/gcc/arm-none-eabi/11.1.0/../../../../arm-none-eabi/lib/armv6k/fpu\libg.a(lib_a-sprintf.o)
                0x000000000011aec8                sprintf
 .text.stpncpy  0x000000000011af2c       0xb8 c:/devkitpro/devkitarm/bin/../lib/gcc/arm-none-eabi/11.1.0/../../../../arm-none-eabi/lib/armv6k/fpu\libg.a(lib_a-stpncpy.o)
                0x000000000011af2c                stpncpy
 .text.strchr   0x000000000011afe4      0x12c c:/devkitpro/devkitarm/bin/../lib/gcc/arm-none-eabi/11.1.0/../../../../arm-none-eabi/lib/armv6k/fpu\libg.a(lib_a-strchr.o)
                0x000000000011afe4                strchr
 .text._strtod_l
                0x000000000011b110     0x1368 c:/devkitpro/devkitarm/bin/../lib/gcc/arm-none-eabi/11.1.0/../../../../arm-none-eabi/lib/armv6k/fpu\libg.a(lib_a-strtod.o)
                0x000000000011b110                _strtod_l
 .text._strtod_r
                0x000000000011c478        0xc c:/devkitpro/devkitarm/bin/../lib/gcc/arm-none-eabi/11.1.0/../../../../arm-none-eabi/lib/armv6k/fpu\libg.a(lib_a-strtod.o)
                0x000000000011c478                _strtod_r
 .text._strtoll_l.constprop.0
                0x000000000011c484      0x22c c:/devkitpro/devkitarm/bin/../lib/gcc/arm-none-eabi/11.1.0/../../../../arm-none-eabi/lib/armv6k/fpu\libg.a(lib_a-strtoll.o)
 .text._strtoll_r
                0x000000000011c6b0        0x4 c:/devkitpro/devkitarm/bin/../lib/gcc/arm-none-eabi/11.1.0/../../../../arm-none-eabi/lib/armv6k/fpu\libg.a(lib_a-strtoll.o)
                0x000000000011c6b0                _strtoll_r
 .text._strtol_l.part.0
                0x000000000011c6b4      0x1a4 c:/devkitpro/devkitarm/bin/../lib/gcc/arm-none-eabi/11.1.0/../../../../arm-none-eabi/lib/armv6k/fpu\libg.a(lib_a-strtol.o)
 .text._strtol_r
                0x000000000011c858       0x3c c:/devkitpro/devkitarm/bin/../lib/gcc/arm-none-eabi/11.1.0/../../../../arm-none-eabi/lib/armv6k/fpu\libg.a(lib_a-strtol.o)
                0x000000000011c858                _strtol_r
 .text._strtoull_l.constprop.0
                0x000000000011c894      0x244 c:/devkitpro/devkitarm/bin/../lib/gcc/arm-none-eabi/11.1.0/../../../../arm-none-eabi/lib/armv6k/fpu\libg.a(lib_a-strtoull.o)
 .text._strtoull_r
                0x000000000011cad8        0x4 c:/devkitpro/devkitarm/bin/../lib/gcc/arm-none-eabi/11.1.0/../../../../arm-none-eabi/lib/armv6k/fpu\libg.a(lib_a-strtoull.o)
                0x000000000011cad8                _strtoull_r
 .text._strtoul_l.constprop.0
                0x000000000011cadc      0x1c4 c:/devkitpro/devkitarm/bin/../lib/gcc/arm-none-eabi/11.1.0/../../../../arm-none-eabi/lib/armv6k/fpu\libg.a(lib_a-strtoul.o)
 .text._strtoul_r
                0x000000000011cca0        0x4 c:/devkitpro/devkitarm/bin/../lib/gcc/arm-none-eabi/11.1.0/../../../../arm-none-eabi/lib/armv6k/fpu\libg.a(lib_a-strtoul.o)
                0x000000000011cca0                _strtoul_r
 .text.__ssprint_r
                0x000000000011cca4      0x190 c:/devkitpro/devkitarm/bin/../lib/gcc/arm-none-eabi/11.1.0/../../../../arm-none-eabi/lib/armv6k/fpu\libg.a(lib_a-svfiprintf.o)
                0x000000000011cca4                __ssprint_r
 .text._sungetc_r
                0x000000000011ce34       0xe0 c:/devkitpro/devkitarm/bin/../lib/gcc/arm-none-eabi/11.1.0/../../../../arm-none-eabi/lib/armv6k/fpu\libg.a(lib_a-svfiscanf.o)
                0x000000000011ce34                _sungetc_r
 .text.__ssrefill_r
                0x000000000011cf14       0x6c c:/devkitpro/devkitarm/bin/../lib/gcc/arm-none-eabi/11.1.0/../../../../arm-none-eabi/lib/armv6k/fpu\libg.a(lib_a-svfiscanf.o)
                0x000000000011cf14                __ssrefill_r
 .text._sfread_r
                0x000000000011cf80       0xc8 c:/devkitpro/devkitarm/bin/../lib/gcc/arm-none-eabi/11.1.0/../../../../arm-none-eabi/lib/armv6k/fpu\libg.a(lib_a-svfiscanf.o)
                0x000000000011cf80                _sfread_r
 .text.get_arg  0x000000000011d048      0x628 c:/devkitpro/devkitarm/bin/../lib/gcc/arm-none-eabi/11.1.0/../../../../arm-none-eabi/lib/armv6k/fpu\libg.a(lib_a-svfprintf.o)
 .text._svfprintf_r
                0x000000000011d670     0x35b8 c:/devkitpro/devkitarm/bin/../lib/gcc/arm-none-eabi/11.1.0/../../../../arm-none-eabi/lib/armv6k/fpu\libg.a(lib_a-svfprintf.o)
                0x000000000011d670                _svfprintf_r
 .text.__submore
                0x0000000000120c28       0xa8 c:/devkitpro/devkitarm/bin/../lib/gcc/arm-none-eabi/11.1.0/../../../../arm-none-eabi/lib/armv6k/fpu\libg.a(lib_a-ungetc.o)
                0x0000000000120c28                __submore
 .text._wcsnrtombs_l
                0x0000000000120cd0      0x190 c:/devkitpro/devkitarm/bin/../lib/gcc/arm-none-eabi/11.1.0/../../../../arm-none-eabi/lib/armv6k/fpu\libg.a(lib_a-wcsnrtombs.o)
                0x0000000000120cd0                _wcsnrtombs_l
 .text._wcsnrtombs_r
                0x0000000000120e60       0x4c c:/devkitpro/devkitarm/bin/../lib/gcc/arm-none-eabi/11.1.0/../../../../arm-none-eabi/lib/armv6k/fpu\libg.a(lib_a-wcsnrtombs.o)
                0x0000000000120e60                _wcsnrtombs_r
 .text.__utf8_wctomb
                0x0000000000120eac       0xf0 c:/devkitpro/devkitarm/bin/../lib/gcc/arm-none-eabi/11.1.0/../../../../arm-none-eabi/lib/armv6k/fpu\libg.a(lib_a-wctomb_r.o)
                0x0000000000120eac                __utf8_wctomb
 .text.__assert_func
                0x0000000000120f9c       0x54 c:/devkitpro/devkitarm/bin/../lib/gcc/arm-none-eabi/11.1.0/../../../../arm-none-eabi/lib/armv6k/fpu\libg.a(lib_a-assert.o)
                0x0000000000120f9c                __assert_func
 .text._calloc_r
                0x0000000000120ff0       0xbc c:/devkitpro/devkitarm/bin/../lib/gcc/arm-none-eabi/11.1.0/../../../../arm-none-eabi/lib/armv6k/fpu\libg.a(lib_a-callocr.o)
                0x0000000000120ff0                _calloc_r
 .text.fiprintf
                0x00000000001210ac       0x3c c:/devkitpro/devkitarm/bin/../lib/gcc/arm-none-eabi/11.1.0/../../../../arm-none-eabi/lib/armv6k/fpu\libg.a(lib_a-fiprintf.o)
                0x00000000001210ac                fiprintf
 .text.rshift   0x00000000001210e8       0xec c:/devkitpro/devkitarm/bin/../lib/gcc/arm-none-eabi/11.1.0/../../../../arm-none-eabi/lib/armv6k/fpu\libg.a(lib_a-gdtoa-gethex.o)
 .text.__gethex
                0x00000000001211d4      0x904 c:/devkitpro/devkitarm/bin/../lib/gcc/arm-none-eabi/11.1.0/../../../../arm-none-eabi/lib/armv6k/fpu\libg.a(lib_a-gdtoa-gethex.o)
                0x00000000001211d4                __gethex
 .text.__match  0x0000000000121ad8       0x4c c:/devkitpro/devkitarm/bin/../lib/gcc/arm-none-eabi/11.1.0/../../../../arm-none-eabi/lib/armv6k/fpu\libg.a(lib_a-gdtoa-hexnan.o)
                0x0000000000121ad8                __match
 .text.__hexnan
                0x0000000000121b24      0x29c c:/devkitpro/devkitarm/bin/../lib/gcc/arm-none-eabi/11.1.0/../../../../arm-none-eabi/lib/armv6k/fpu\libg.a(lib_a-gdtoa-hexnan.o)
                0x0000000000121b24                __hexnan
 .text.iswspace_l
                0x0000000000121dc0       0x3c c:/devkitpro/devkitarm/bin/../lib/gcc/arm-none-eabi/11.1.0/../../../../arm-none-eabi/lib/armv6k/fpu\libg.a(lib_a-iswspace_l.o)
                0x0000000000121dc0                iswspace_l
 .text.__jp2uc  0x0000000000121dfc      0x1d4 c:/devkitpro/devkitarm/bin/../lib/gcc/arm-none-eabi/11.1.0/../../../../arm-none-eabi/lib/armv6k/fpu\libg.a(lib_a-jp2uc.o)
 .text._jp2uc_l
                0x0000000000121fd0       0x9c c:/devkitpro/devkitarm/bin/../lib/gcc/arm-none-eabi/11.1.0/../../../../arm-none-eabi/lib/armv6k/fpu\libg.a(lib_a-jp2uc.o)
                0x0000000000121fd0                _jp2uc_l
 *fill*         0x000000000012206c        0x4 
 .text.nan      0x0000000000122070       0x10 c:/devkitpro/devkitarm/bin/../lib/gcc/arm-none-eabi/11.1.0/../../../../arm-none-eabi/lib/armv6k/fpu\libg.a(lib_a-s_nan.o)
                0x0000000000122070                nan
 .text.abort    0x0000000000122080       0x14 c:/devkitpro/devkitarm/bin/../lib/gcc/arm-none-eabi/11.1.0/../../../../arm-none-eabi/lib/armv6k/fpu\libg.a(lib_a-abort.o)
                0x0000000000122080                abort
 .text.category
                0x0000000000122094       0x84 c:/devkitpro/devkitarm/bin/../lib/gcc/arm-none-eabi/11.1.0/../../../../arm-none-eabi/lib/armv6k/fpu\libg.a(lib_a-categories.o)
                0x0000000000122094                category
 .text._raise_r
                0x0000000000122118       0x98 c:/devkitpro/devkitarm/bin/../lib/gcc/arm-none-eabi/11.1.0/../../../../arm-none-eabi/lib/armv6k/fpu\libg.a(lib_a-signal.o)
                0x0000000000122118                _raise_r
 .text.raise    0x00000000001221b0       0x20 c:/devkitpro/devkitarm/bin/../lib/gcc/arm-none-eabi/11.1.0/../../../../arm-none-eabi/lib/armv6k/fpu\libg.a(lib_a-signal.o)
                0x00000000001221b0                raise
 .text.null_write
                0x00000000001221d0        0x8 c:/devkitpro/devkitarm/bin/../lib/gcc/arm-none-eabi/11.1.0/../../../../arm-none-eabi/lib/armv6k/fpu\libsysbase.a(iosupport.o)
 .text.setDefaultDevice
                0x00000000001221d8       0x18 c:/devkitpro/devkitarm/bin/../lib/gcc/arm-none-eabi/11.1.0/../../../../arm-none-eabi/lib/armv6k/fpu\libsysbase.a(iosupport.o)
                0x00000000001221d8                setDefaultDevice
 .text.FindDevice
                0x00000000001221f0       0xc8 c:/devkitpro/devkitarm/bin/../lib/gcc/arm-none-eabi/11.1.0/../../../../arm-none-eabi/lib/armv6k/fpu\libsysbase.a(iosupport.o)
                0x00000000001221f0                FindDevice
 .text.RemoveDevice
                0x00000000001222b8       0x28 c:/devkitpro/devkitarm/bin/../lib/gcc/arm-none-eabi/11.1.0/../../../../arm-none-eabi/lib/armv6k/fpu\libsysbase.a(iosupport.o)
                0x00000000001222b8                RemoveDevice
 .text.AddDevice
                0x00000000001222e0       0x9c c:/devkitpro/devkitarm/bin/../lib/gcc/arm-none-eabi/11.1.0/../../../../arm-none-eabi/lib/armv6k/fpu\libsysbase.a(iosupport.o)
                0x00000000001222e0                AddDevice
 .text.GetDeviceOpTab
                0x000000000012237c       0x20 c:/devkitpro/devkitarm/bin/../lib/gcc/arm-none-eabi/11.1.0/../../../../arm-none-eabi/lib/armv6k/fpu\libsysbase.a(iosupport.o)
                0x000000000012237c                GetDeviceOpTab
 .text._fstat_r
                0x000000000012239c       0x78 c:/devkitpro/devkitarm/bin/../lib/gcc/arm-none-eabi/11.1.0/../../../../arm-none-eabi/lib/armv6k/fpu\libsysbase.a(fstat.o)
                0x000000000012239c                _fstat_r
 .text._getpid_r
                0x0000000000122414       0x14 c:/devkitpro/devkitarm/bin/../lib/gcc/arm-none-eabi/11.1.0/../../../../arm-none-eabi/lib/armv6k/fpu\libsysbase.a(getpid.o)
                0x0000000000122414                _getpid_r
 .text._isatty_r
                0x0000000000122428        0x8 c:/devkitpro/devkitarm/bin/../lib/gcc/arm-none-eabi/11.1.0/../../../../arm-none-eabi/lib/armv6k/fpu\libsysbase.a(isatty.o)
                0x0000000000122428                _isatty_r
 .text._kill_r  0x0000000000122430       0x14 c:/devkitpro/devkitarm/bin/../lib/gcc/arm-none-eabi/11.1.0/../../../../arm-none-eabi/lib/armv6k/fpu\libsysbase.a(kill.o)
                0x0000000000122430                _kill_r
 .text._lseek_r
                0x0000000000122444       0x84 c:/devkitpro/devkitarm/bin/../lib/gcc/arm-none-eabi/11.1.0/../../../../arm-none-eabi/lib/armv6k/fpu\libsysbase.a(lseek.o)
                0x0000000000122444                _lseek_r
 .text._open_r  0x00000000001224c8       0xc8 c:/devkitpro/devkitarm/bin/../lib/gcc/arm-none-eabi/11.1.0/../../../../arm-none-eabi/lib/armv6k/fpu\libsysbase.a(open.o)
                0x00000000001224c8                _open_r
 .text._read_r  0x0000000000122590       0x80 c:/devkitpro/devkitarm/bin/../lib/gcc/arm-none-eabi/11.1.0/../../../../arm-none-eabi/lib/armv6k/fpu\libsysbase.a(read.o)
                0x0000000000122590                _read_r
 .text._sbrk_r  0x0000000000122610       0x78 c:/devkitpro/devkitarm/bin/../lib/gcc/arm-none-eabi/11.1.0/../../../../arm-none-eabi/lib/armv6k/fpu\libsysbase.a(sbrk.o)
                0x0000000000122610                _sbrk_r
 .text._stat_r  0x0000000000122688       0x78 c:/devkitpro/devkitarm/bin/../lib/gcc/arm-none-eabi/11.1.0/../../../../arm-none-eabi/lib/armv6k/fpu\libsysbase.a(stat.o)
                0x0000000000122688                _stat_r
 .text._write_r
                0x0000000000122700       0x80 c:/devkitpro/devkitarm/bin/../lib/gcc/arm-none-eabi/11.1.0/../../../../arm-none-eabi/lib/armv6k/fpu\libsysbase.a(write.o)
                0x0000000000122700                _write_r
 .text._exit    0x0000000000122780       0x24 c:/devkitpro/devkitarm/bin/../lib/gcc/arm-none-eabi/11.1.0/../../../../arm-none-eabi/lib/armv6k/fpu\libsysbase.a(_exit.o)
                0x0000000000122780                _exit
 .text._concatenate_path
                0x00000000001227a4      0x1b8 c:/devkitpro/devkitarm/bin/../lib/gcc/arm-none-eabi/11.1.0/../../../../arm-none-eabi/lib/armv6k/fpu\libsysbase.a(chdir.o)
                0x00000000001227a4                _concatenate_path
 .text.chdir    0x000000000012295c      0x160 c:/devkitpro/devkitarm/bin/../lib/gcc/arm-none-eabi/11.1.0/../../../../arm-none-eabi/lib/armv6k/fpu\libsysbase.a(chdir.o)
                0x000000000012295c                chdir
 .text.__flockfile
                0x0000000000122abc        0x8 c:/devkitpro/devkitarm/bin/../lib/gcc/arm-none-eabi/11.1.0/../../../../arm-none-eabi/lib/armv6k/fpu\libsysbase.a(flock.o)
                0x0000000000122abc                __flockfile
 .text.__funlockfile
                0x0000000000122ac4        0x8 c:/devkitpro/devkitarm/bin/../lib/gcc/arm-none-eabi/11.1.0/../../../../arm-none-eabi/lib/armv6k/fpu\libsysbase.a(flock.o)
                0x0000000000122ac4                __funlockfile
 .text.__libc_lock_acquire
                0x0000000000122acc       0x18 c:/devkitpro/devkitarm/bin/../lib/gcc/arm-none-eabi/11.1.0/../../../../arm-none-eabi/lib/armv6k/fpu\libsysbase.a(syscall_support.o)
                0x0000000000122acc                __libc_lock_acquire
 .text.__libc_lock_release
                0x0000000000122ae4       0x18 c:/devkitpro/devkitarm/bin/../lib/gcc/arm-none-eabi/11.1.0/../../../../arm-none-eabi/lib/armv6k/fpu\libsysbase.a(syscall_support.o)
                0x0000000000122ae4                __libc_lock_release
 .text.__libc_lock_init_recursive
                0x0000000000122afc       0x18 c:/devkitpro/devkitarm/bin/../lib/gcc/arm-none-eabi/11.1.0/../../../../arm-none-eabi/lib/armv6k/fpu\libsysbase.a(syscall_support.o)
                0x0000000000122afc                __libc_lock_init_recursive
 .text.__libc_lock_acquire_recursive
                0x0000000000122b14       0x18 c:/devkitpro/devkitarm/bin/../lib/gcc/arm-none-eabi/11.1.0/../../../../arm-none-eabi/lib/armv6k/fpu\libsysbase.a(syscall_support.o)
                0x0000000000122b14                __libc_lock_acquire_recursive
 .text.__libc_lock_release_recursive
                0x0000000000122b2c       0x18 c:/devkitpro/devkitarm/bin/../lib/gcc/arm-none-eabi/11.1.0/../../../../arm-none-eabi/lib/armv6k/fpu\libsysbase.a(syscall_support.o)
                0x0000000000122b2c                __libc_lock_release_recursive
 .text.__libc_lock_close_recursive
                0x0000000000122b44       0x18 c:/devkitpro/devkitarm/bin/../lib/gcc/arm-none-eabi/11.1.0/../../../../arm-none-eabi/lib/armv6k/fpu\libsysbase.a(syscall_support.o)
                0x0000000000122b44                __libc_lock_close_recursive
 .text.__release_handle
                0x0000000000122b5c       0x8c c:/devkitpro/devkitarm/bin/../lib/gcc/arm-none-eabi/11.1.0/../../../../arm-none-eabi/lib/armv6k/fpu\libsysbase.a(handle_manager.o)
                0x0000000000122b5c                __release_handle
 .text.__alloc_handle
                0x0000000000122be8       0xb4 c:/devkitpro/devkitarm/bin/../lib/gcc/arm-none-eabi/11.1.0/../../../../arm-none-eabi/lib/armv6k/fpu\libsysbase.a(handle_manager.o)
                0x0000000000122be8                __alloc_handle
 .text.__get_handle
                0x0000000000122c9c       0x3c c:/devkitpro/devkitarm/bin/../lib/gcc/arm-none-eabi/11.1.0/../../../../arm-none-eabi/lib/armv6k/fpu\libsysbase.a(handle_manager.o)
                0x0000000000122c9c                __get_handle
 .text._close_r
                0x0000000000122cd8       0xf4 c:/devkitpro/devkitarm/bin/../lib/gcc/arm-none-eabi/11.1.0/../../../../arm-none-eabi/lib/armv6k/fpu\libsysbase.a(handle_manager.o)
                0x0000000000122cd8                _close_r
 .text.__getreent
                0x0000000000122dcc       0x28 c:/devkitpro/devkitarm/bin/../lib/gcc/arm-none-eabi/11.1.0/../../../../arm-none-eabi/lib/armv6k/fpu\libsysbase.a(getreent.o)
                0x0000000000122dcc                __getreent
 .text.__fixdfdi
                0x0000000000122df4       0x38 c:/devkitpro/devkitarm/bin/../lib/gcc/arm-none-eabi/11.1.0/armv6k/fpu\libgcc.a(_fixdfdi.o)
                0x0000000000122df4                __fixdfdi
                0x0000000000122df4                __aeabi_d2lz
 *fill*         0x0000000000122e2c        0x4 
 .text.__fixunsdfdi
                0x0000000000122e30       0x40 c:/devkitpro/devkitarm/bin/../lib/gcc/arm-none-eabi/11.1.0/armv6k/fpu\libgcc.a(_fixunsdfdi.o)
                0x0000000000122e30                __fixunsdfdi
                0x0000000000122e30                __aeabi_d2ulz
 .text.strrchr  0x0000000000122e70       0x44 c:/devkitpro/devkitarm/bin/../lib/gcc/arm-none-eabi/11.1.0/../../../../arm-none-eabi/lib/armv6k/fpu\libg.a(lib_a-strrchr.o)
                0x0000000000122e70                strrchr
 *(.glue_7)
 .glue_7        0x0000000000122eb4        0x0 linker stubs
 *(.glue_7t)
 .glue_7t       0x0000000000122eb4        0x0 linker stubs
 *(.stub)
 *(.gnu.warning)
 *(.gnu.linkonce.t*)
                0x0000000000122eb4                . = ALIGN (0x4)
 *(.fini)
 .fini          0x0000000000122eb4        0xc c:/devkitpro/devkitarm/bin/../lib/gcc/arm-none-eabi/11.1.0/armv6k/fpu/crti.o
                0x0000000000122eb4                _fini
 .fini          0x0000000000122ec0        0xc c:/devkitpro/devkitarm/bin/../lib/gcc/arm-none-eabi/11.1.0/armv6k/fpu/crtn.o
                0x0000000000122ecc                . = ALIGN (0x4)

.vfp11_veneer   0x0000000000122ecc        0x0
 .vfp11_veneer  0x0000000000122ecc        0x0 linker stubs

.v4_bx          0x0000000000122ecc        0x0
 .v4_bx         0x0000000000122ecc        0x0 linker stubs

.iplt           0x0000000000122ecc        0x0
 .iplt          0x0000000000122ecc        0x0 c:/devkitpro/devkitarm/bin/../lib/gcc/arm-none-eabi/11.1.0/../../../../arm-none-eabi/lib/armv6k/fpu/3dsx_crt0.o
                0x0000000000123000                . = ALIGN (0x1000)

.rodata         0x0000000000123000     0x7c18
 *(.rodata)
 .rodata        0x0000000000123000        0x3 C:/devkitPro/libctru/lib\libctru.a(apt.o)
 *fill*         0x0000000000123003        0x1 
 .rodata        0x0000000000123004        0xc C:/devkitPro/libctru/lib\libctru.a(archive_dev.o)
 *(.roda)
 *(.rodata.*)
 .rodata.str1.4
                0x0000000000123010      0x13a archive.o
 *fill*         0x000000000012314a        0x2 
 .rodata.str1.4
                0x000000000012314c      0x1ad playcoin.o
                                        0x1ed (size before relaxing)
 *fill*         0x00000000001232f9        0x3 
 .rodata.con_write.str1.4
                0x00000000001232fc       0x52 C:/devkitPro/libctru/lib\libctru.a(console.o)
 *fill*         0x000000000012334e        0x2 
 .rodata.consoleClear.str1.4
                0x0000000000123350        0x5 C:/devkitPro/libctru/lib\libctru.a(console.o)
 *fill*         0x0000000000123355        0x3 
 .rodata.str1.4
                0x0000000000123358       0x10 C:/devkitPro/libctru/lib\libctru.a(console.o)
 .rodata.colorTable
                0x0000000000123368       0x30 C:/devkitPro/libctru/lib\libctru.a(console.o)
 .rodata.dotab_stdout
                0x0000000000123398       0x70 C:/devkitPro/libctru/lib\libctru.a(console.o)
 .rodata.cfguInit.str1.4
                0x0000000000123408       0x16 C:/devkitPro/libctru/lib\libctru.a(cfgu.o)
 *fill*         0x000000000012341e        0x2 
 .rodata.gspInit.str1.4
                0x0000000000123420        0x9 C:/devkitPro/libctru/lib\libctru.a(gspgpu.o)
 *fill*         0x0000000000123429        0x3 
 .rodata.aptSendCommand.str1.4
                0x000000000012342c       0x16 C:/devkitPro/libctru/lib\libctru.a(apt.o)
 *fill*         0x0000000000123442        0x2 
 .rodata.morton_x.3
                0x0000000000123444        0x8 C:/devkitPro/libctru/lib\libctru.a(apt.o)
 .rodata.morton_y.2
                0x000000000012344c        0x8 C:/devkitPro/libctru/lib\libctru.a(apt.o)
 .rodata.s_sleepWakeEvents.4
                0x0000000000123454        0x8 C:/devkitPro/libctru/lib\libctru.a(apt.o)
 .rodata.hidInit.str1.4
                0x000000000012345c       0x15 C:/devkitPro/libctru/lib\libctru.a(hid.o)
 *fill*         0x0000000000123471        0x3 
 .rodata.fsInit.str1.4
                0x0000000000123474        0x8 C:/devkitPro/libctru/lib\libctru.a(fs.o)
 .rodata.fsMakePath.str1.4
                0x000000000012347c        0x8 C:/devkitPro/libctru/lib\libctru.a(fs.o)
                                          0x1 (size before relaxing)
 .rodata.default_font_bin
                0x000000000012347c      0x800 C:/devkitPro/libctru/lib\libctru.a(default_font.bin.o)
                0x000000000012347c                default_font_bin
                0x0000000000123c7c                default_font_bin_end
 .rodata.srvInit.str1.4
                0x0000000000123c7c        0x5 C:/devkitPro/libctru/lib\libctru.a(srv.o)
 *fill*         0x0000000000123c81        0x3 
 .rodata.irrstInit.str1.4
                0x0000000000123c84        0x7 C:/devkitPro/libctru/lib\libctru.a(irrst.o)
 *fill*         0x0000000000123c8b        0x1 
 .rodata.ptmSysmInit.str1.4
                0x0000000000123c8c        0x9 C:/devkitPro/libctru/lib\libctru.a(ptmsysm.o)
 *fill*         0x0000000000123c95        0x3 
 .rodata.str1.4
                0x0000000000123c98        0x8 C:/devkitPro/libctru/lib\libctru.a(archive_dev.o)
                                          0xc (size before relaxing)
 .rodata._archiveUnmountDeviceStruct.part.0.str1.4
                0x0000000000123ca0        0x2 C:/devkitPro/libctru/lib\libctru.a(archive_dev.o)
 *fill*         0x0000000000123ca2        0x2 
 .rodata._archiveMountDevice.str1.4
                0x0000000000123ca4        0x8 C:/devkitPro/libctru/lib\libctru.a(archive_dev.o)
 .rodata.archiveMountSdmc.str1.4
                0x0000000000123cac        0x5 C:/devkitPro/libctru/lib\libctru.a(archive_dev.o)
 *fill*         0x0000000000123cb1        0x3 
 .rodata.archive_devoptab
                0x0000000000123cb4       0x70 C:/devkitPro/libctru/lib\libctru.a(archive_dev.o)
 .rodata.error_table
                0x0000000000123d24       0x30 C:/devkitPro/libctru/lib\libctru.a(archive_dev.o)
 .rodata._global_impure_ptr
                0x0000000000123d54        0x4 c:/devkitpro/devkitarm/bin/../lib/gcc/arm-none-eabi/11.1.0/../../../../arm-none-eabi/lib/armv6k/fpu\libg.a(lib_a-impure.o)
                0x0000000000123d54                _global_impure_ptr
 .rodata._puts_r.str1.4
                0x0000000000123d58        0x5 c:/devkitpro/devkitarm/bin/../lib/gcc/arm-none-eabi/11.1.0/../../../../arm-none-eabi/lib/armv6k/fpu\libg.a(lib_a-puts.o)
                                          0x2 (size before relaxing)
 .rodata.__ssvfscanf_r.str1.1
                0x0000000000123d58        0x5 c:/devkitpro/devkitarm/bin/../lib/gcc/arm-none-eabi/11.1.0/../../../../arm-none-eabi/lib/armv6k/fpu\libg.a(lib_a-svfscanf.o)
                                          0x6 (size before relaxing)
 *fill*         0x0000000000123d5d        0x3 
 .rodata.basefix.0
                0x0000000000123d60       0x22 c:/devkitpro/devkitarm/bin/../lib/gcc/arm-none-eabi/11.1.0/../../../../arm-none-eabi/lib/armv6k/fpu\libg.a(lib_a-svfscanf.o)
 .rodata._vfiprintf_r.str1.1
                0x0000000000123d82       0x29 c:/devkitpro/devkitarm/bin/../lib/gcc/arm-none-eabi/11.1.0/../../../../arm-none-eabi/lib/armv6k/fpu\libg.a(lib_a-vfiprintf.o)
 *fill*         0x0000000000123dab        0x1 
 .rodata.blanks.1
                0x0000000000123dac       0x10 c:/devkitpro/devkitarm/bin/../lib/gcc/arm-none-eabi/11.1.0/../../../../arm-none-eabi/lib/armv6k/fpu\libg.a(lib_a-vfiprintf.o)
 .rodata.zeroes.0
                0x0000000000123dbc       0x10 c:/devkitpro/devkitarm/bin/../lib/gcc/arm-none-eabi/11.1.0/../../../../arm-none-eabi/lib/armv6k/fpu\libg.a(lib_a-vfiprintf.o)
 .rodata._vfprintf_r.str1.1
                0x0000000000123dcc       0x12 c:/devkitpro/devkitarm/bin/../lib/gcc/arm-none-eabi/11.1.0/../../../../arm-none-eabi/lib/armv6k/fpu\libg.a(lib_a-vfprintf.o)
                                         0x3b (size before relaxing)
 *fill*         0x0000000000123dde        0x2 
 .rodata.blanks.1
                0x0000000000123de0       0x10 c:/devkitpro/devkitarm/bin/../lib/gcc/arm-none-eabi/11.1.0/../../../../arm-none-eabi/lib/armv6k/fpu\libg.a(lib_a-vfprintf.o)
 .rodata.zeroes.0
                0x0000000000123df0       0x10 c:/devkitpro/devkitarm/bin/../lib/gcc/arm-none-eabi/11.1.0/../../../../arm-none-eabi/lib/armv6k/fpu\libg.a(lib_a-vfprintf.o)
 .rodata._ctype_
                0x0000000000123e00      0x101 c:/devkitpro/devkitarm/bin/../lib/gcc/arm-none-eabi/11.1.0/../../../../arm-none-eabi/lib/armv6k/fpu\libg.a(lib_a-ctype_.o)
                0x0000000000123e00                _ctype_
 *fill*         0x0000000000123f01        0x3 
 .rodata._dtoa_r.str1.4